name: apb_protocol_monitor
description: UVM example - apb_protocol_monitor
files: <redacted-local-path> <redacted-local-path> <redacted-local-path>
incdirs: <redacted-local-path>
tags: uvm-examples uvm
type: simulation elaboration parsing
timeout: 360
unsynthesizable: 1
simvariants:  
top_module: 
should_fail: 0
should_fail_because: 
defines: 
compatible-runners: all
results_group: 
mode: elaboration
rc: 5
tool_success: 0
runner: slang
runner_url: https://github.com/MikePopoloski/slang/tree/f357dec19224c828b7b5e97b79779980a075f70a
time_elapsed: 0.531160831451416
user_time: 0.615529
system_time: 0.5943039999999999
ram_usage: 143360
date_completed: 2026-07-02 03:18:36

slang-driver --single-unit --timescale=1ns/1ns -I <redacted-local-path> -Wno-error=index-oob -Wno-error=range-oob -Wno-error=range-width-oob <redacted-local-path> <redacted-local-path> <redacted-local-path>
../../../third_party/tests/uvm-examples/apb_protocol_monitor/testbench/apb_monitor_tb.sv:162:25: error: cannot use dot operator on a type name
  if(APB.APB_accesses_cg.get_coverage() == 100) begin
         ~~~~~~~~~~~~~~~^~~~~~~~~~~~~
../../../third_party/tests/uvm-examples/apb_protocol_monitor/protocol_monitor/apb_monitor.sv:122:12: note: declared here
covergroup APB_accesses_cg();
           ^
in file included from ../../../third_party/tests/uvm/src/uvm_pkg.sv:57:
in file included from ../../../third_party/tests/uvm/src/base/uvm_base.svh:77:
../../../third_party/tests/uvm/src/base/uvm_config_db_implementation.svh:375:26: warning: unknown character escape sequence '\.' [-Wunknown-escape-code]
            separator = "\.(" ;
                         ^
Top level design units:
    apb_monitor_tb


Build failed: 1 error, 1 warning
