name: uart_example
description: UVM example - uart_example
files: <redacted-local-path> <redacted-local-path> <redacted-local-path> <redacted-local-path> <redacted-local-path> <redacted-local-path> <redacted-local-path> <redacted-local-path> <redacted-local-path> <redacted-local-path> <redacted-local-path> <redacted-local-path> <redacted-local-path> <redacted-local-path> <redacted-local-path> <redacted-local-path> <redacted-local-path> <redacted-local-path> <redacted-local-path> <redacted-local-path> <redacted-local-path> <redacted-local-path>
incdirs: <redacted-local-path> <redacted-local-path> <redacted-local-path> <redacted-local-path> <redacted-local-path> <redacted-local-path> <redacted-local-path> <redacted-local-path>
tags: uvm-examples uvm
type: simulation elaboration parsing
timeout: 360
unsynthesizable: 1
simvariants: UVM_TESTNAME=uart_test UVM_TESTNAME=baud_rate_test UVM_TESTNAME=modem_int_test UVM_TESTNAME=word_format_int_test UVM_TESTNAME=modem_poll_test UVM_TESTNAME=word_format_poll_test
top_module: 
should_fail: 0
should_fail_because: 
defines: 
compatible-runners: all
results_group: 
mode: elaboration
rc: 5
tool_success: 0
runner: slang
runner_url: https://github.com/MikePopoloski/slang/tree/f357dec19224c828b7b5e97b79779980a075f70a
time_elapsed: 1.3051161766052246
user_time: 3.3761039999999998
system_time: 5.516643
ram_usage: 173824
date_completed: 2026-07-02 03:18:36

slang-driver --single-unit --timescale=1ns/1ns -I <redacted-local-path> -I <redacted-local-path> -I <redacted-local-path> -I <redacted-local-path> -I <redacted-local-path> -I <redacted-local-path> -I <redacted-local-path> -I <redacted-local-path> -Wno-error=index-oob -Wno-error=range-oob -Wno-error=range-width-oob <redacted-local-path> <redacted-local-path> <redacted-local-path> <redacted-local-path> <redacted-local-path> <redacted-local-path> <redacted-local-path> <redacted-local-path> <redacted-local-path> <redacted-local-path> <redacted-local-path> <redacted-local-path> <redacted-local-path> <redacted-local-path> <redacted-local-path> <redacted-local-path> <redacted-local-path> <redacted-local-path> <redacted-local-path> <redacted-local-path> <redacted-local-path> <redacted-local-path>
in file included from ../../../third_party/tests/uvm/src/uvm_pkg.sv:57:
in file included from ../../../third_party/tests/uvm/src/base/uvm_base.svh:77:
../../../third_party/tests/uvm/src/base/uvm_config_db_implementation.svh:375:26: warning: unknown character escape sequence '\.' [-Wunknown-escape-code]
            separator = "\.(" ;
                         ^
in file included from ../../../third_party/tests/uvm-examples/uart_example/agents/apb_agent/apb_agent_pkg.sv:24:
../../../third_party/tests/uvm-examples/uart_example/agents/apb_agent/apb_seq_item.svh:109:20: error: no member named 'sprint' in 'm_uvm_printer_knobs'
  if(printer.knobs.sprint == 0) begin
     ~~~~~~~~~~~~~ ^
in file included from ../../../third_party/tests/uvm-examples/uart_example/agents/apb_agent/apb_agent_pkg.sv:28:
../../../third_party/tests/uvm-examples/uart_example/agents/apb_agent/apb_coverage_monitor.svh:37:20: error: identifier 'analysis_txn' used before its declaration
OPCODE: coverpoint analysis_txn.we {
                   ^~~~~~~~~~~~
../../../third_party/tests/uvm-examples/uart_example/agents/apb_agent/apb_coverage_monitor.svh:46:14: note: declared here
apb_seq_item analysis_txn;
             ^
in file included from ../../../third_party/tests/uvm-examples/uart_example/agents/uart_agent/uart_agent_pkg.sv:53:
../../../third_party/tests/uvm-examples/uart_example/agents/uart_agent/uart_seq_item.svh:110:20: error: no member named 'sprint' in 'm_uvm_printer_knobs'
  if(printer.knobs.sprint == 0) begin
     ~~~~~~~~~~~~~ ^
in file included from ../../../third_party/tests/uvm-examples/uart_example/agents/modem_agent/modem_agent_pkg.sv:26:
../../../third_party/tests/uvm-examples/uart_example/agents/modem_agent/modem_seq_item.svh:81:20: error: no member named 'sprint' in 'm_uvm_printer_knobs'
  if(printer.knobs.sprint == 0) begin
     ~~~~~~~~~~~~~ ^
in file included from ../../../third_party/tests/uvm-examples/uart_example/uvm_tb/sequences/host_if_seq_pkg.sv:101:
../../../third_party/tests/uvm-examples/uart_example/uvm_tb/sequences/uart_config_seq.svh:35:25: warning: unsized integer in concat; using a width of 1 [-Wunsized-concat]
  rm.LCR.write(status, {'0, LCR}, .parent(this));
                        ^~
../../../third_party/tests/uvm-examples/uart_example/uvm_tb/sequences/uart_config_seq.svh:37:25: warning: unsized integer in concat; using a width of 1 [-Wunsized-concat]
  rm.FCR.write(status, {'0, FCR, 6'b0}, .parent(this));
                        ^~
../../../third_party/tests/uvm-examples/uart_example/uvm_tb/sequences/uart_config_seq.svh:38:26: warning: unsized integer in concat; using a width of 1 [-Wunsized-concat]
  rm.DIV1.write(status, {'0, DIV[7:0]}, .parent(this));
                         ^~
../../../third_party/tests/uvm-examples/uart_example/uvm_tb/sequences/uart_config_seq.svh:39:26: warning: unsized integer in concat; using a width of 1 [-Wunsized-concat]
  rm.DIV2.write(status, {'0, DIV[15:8]}, .parent(this));
                         ^~
in file included from ../../../third_party/tests/uvm-examples/uart_example/uvm_tb/sequences/host_if_seq_pkg.sv:106:
../../../third_party/tests/uvm-examples/uart_example/uvm_tb/sequences/uart_int_enable_seq.svh:32:25: warning: unsized integer in concat; using a width of 1 [-Wunsized-concat]
  rm.IER.write(status, {'0, IER}, .parent(this));
                        ^~
in file included from ../../../third_party/tests/uvm-examples/uart_example/uvm_tb/sequences/host_if_seq_pkg.sv:110:
../../../third_party/tests/uvm-examples/uart_example/uvm_tb/sequences/baud_rate_test_seq.svh:47:13: warning: unsized integer in concat; using a width of 1 [-Wunsized-concat]
    data = {'0, div[15:8]};
            ^~
../../../third_party/tests/uvm-examples/uart_example/uvm_tb/sequences/baud_rate_test_seq.svh:49:13: warning: unsized integer in concat; using a width of 1 [-Wunsized-concat]
    data = {'0, div[7:0]};
            ^~
Top level design units:
    uart_tb


Build failed: 4 errors, 8 warnings
