name: uvm_tb_build_bl_tb
description: UVM example - uvm_tb_build_bl_tb
files: <redacted-local-path> <redacted-local-path> <redacted-local-path> <redacted-local-path> <redacted-local-path> <redacted-local-path> <redacted-local-path> <redacted-local-path> <redacted-local-path> <redacted-local-path> <redacted-local-path> <redacted-local-path> <redacted-local-path> <redacted-local-path> <redacted-local-path> <redacted-local-path> <redacted-local-path> <redacted-local-path> <redacted-local-path> <redacted-local-path> <redacted-local-path> <redacted-local-path> <redacted-local-path> <redacted-local-path>
incdirs: <redacted-local-path> <redacted-local-path> <redacted-local-path> <redacted-local-path> <redacted-local-path> <redacted-local-path> <redacted-local-path> <redacted-local-path> <redacted-local-path> <redacted-local-path>
tags: uvm-examples uvm
type: simulation elaboration parsing
timeout: 360
unsynthesizable: 1
simvariants: UVM_TESTNAME=spi_interrupt_test
top_module: 
should_fail: 0
should_fail_because: 
defines: 
compatible-runners: all
results_group: 
mode: elaboration
rc: 5
tool_success: 0
runner: slang
runner_url: https://github.com/MikePopoloski/slang/tree/f357dec19224c828b7b5e97b79779980a075f70a
time_elapsed: 1.0500221252441406
user_time: 1.63944
system_time: 1.723839
ram_usage: 172032
date_completed: 2026-07-02 03:18:36

slang-driver --single-unit --timescale=1ns/1ns -I <redacted-local-path> -I <redacted-local-path> -I <redacted-local-path> -I <redacted-local-path> -I <redacted-local-path> -I <redacted-local-path> -I <redacted-local-path> -I <redacted-local-path> -I <redacted-local-path> -I <redacted-local-path> -Wno-error=index-oob -Wno-error=range-oob -Wno-error=range-width-oob <redacted-local-path> <redacted-local-path> <redacted-local-path> <redacted-local-path> <redacted-local-path> <redacted-local-path> <redacted-local-path> <redacted-local-path> <redacted-local-path> <redacted-local-path> <redacted-local-path> <redacted-local-path> <redacted-local-path> <redacted-local-path> <redacted-local-path> <redacted-local-path> <redacted-local-path> <redacted-local-path> <redacted-local-path> <redacted-local-path> <redacted-local-path> <redacted-local-path> <redacted-local-path> <redacted-local-path>
in file included from ../../../third_party/tests/uvm/src/uvm_pkg.sv:57:
in file included from ../../../third_party/tests/uvm/src/base/uvm_base.svh:77:
../../../third_party/tests/uvm/src/base/uvm_config_db_implementation.svh:375:26: warning: unknown character escape sequence '\.' [-Wunknown-escape-code]
            separator = "\.(" ;
                         ^
in file included from ../../../third_party/tests/uvm-examples/uvm_tb_build_bl_tb/agents/apb_agent/apb_agent_pkg.sv:25:
../../../third_party/tests/uvm-examples/uvm_tb_build_bl_tb/agents/apb_agent/apb_seq_item.svh:21:9: warning: macro 'uvm_record_field' redefined [-Wredef-macro]
`define uvm_record_field(NAME,VALUE)
        ^~~~~~~~~~~~~~~~
in file included from ../../../third_party/tests/uvm/src/uvm_pkg.sv:37:
in file included from ../../../third_party/tests/uvm/src/uvm_macros.svh:85:
../../../third_party/tests/uvm/src/macros/uvm_recorder_defines.svh:191:9: note: previous definition here
`define uvm_record_field(NAME,VALUE,RECORDER=recorder) \
        ^
in file included from ../../../third_party/tests/uvm-examples/uvm_tb_build_bl_tb/agents/apb_agent/apb_agent_pkg.sv:28:
../../../third_party/tests/uvm-examples/uvm_tb_build_bl_tb/agents/apb_agent/apb_coverage_monitor.svh:37:20: error: identifier 'analysis_txn' used before its declaration
OPCODE: coverpoint analysis_txn.we {
                   ^~~~~~~~~~~~
../../../third_party/tests/uvm-examples/uvm_tb_build_bl_tb/agents/apb_agent/apb_coverage_monitor.svh:48:14: note: declared here
apb_seq_item analysis_txn;
             ^
Top level design units:
    hdl_top
    hvl_top


Build failed: 1 error, 2 warnings
