name: uvm_interrupts_prioritized
description: UVM example - uvm_interrupts_prioritized
files: <redacted-local-path> <redacted-local-path> <redacted-local-path> <redacted-local-path> <redacted-local-path>
incdirs: <redacted-local-path> <redacted-local-path>
tags: uvm-examples uvm
type: simulation elaboration parsing
timeout: 360
unsynthesizable: 1
simvariants:  
top_module: 
should_fail: 0
should_fail_because: 
defines: 
compatible-runners: all
results_group: 
mode: elaboration
rc: 5
tool_success: 0
runner: slang
runner_url: https://github.com/MikePopoloski/slang/tree/f357dec19224c828b7b5e97b79779980a075f70a
time_elapsed: 0.8017325401306152
user_time: 0.989937
system_time: 0.8921319999999999
ram_usage: 154112
date_completed: 2026-07-02 03:18:36

slang-driver --single-unit --timescale=1ns/1ns -I <redacted-local-path> -I <redacted-local-path> -Wno-error=index-oob -Wno-error=range-oob -Wno-error=range-width-oob <redacted-local-path> <redacted-local-path> <redacted-local-path> <redacted-local-path> <redacted-local-path>
in file included from ../../../third_party/tests/uvm/src/uvm_pkg.sv:57:
in file included from ../../../third_party/tests/uvm/src/base/uvm_base.svh:77:
../../../third_party/tests/uvm/src/base/uvm_config_db_implementation.svh:375:26: warning: unknown character escape sequence '\.' [-Wunknown-escape-code]
            separator = "\.(" ;
                         ^
in file included from ../../../third_party/tests/uvm-examples/uvm_interrupts_prioritized/utils/interrupt/interrupt_pkg.sv:24:
../../../third_party/tests/uvm-examples/uvm_interrupts_prioritized/utils/interrupt/interrupt_util.svh:75:12: error: parentheses are required when invoking function 'get_status'
    return bfm.get_status;
           ^~~~~~~~~~~~~~
Top level design units:
    hdl_top
    hvl_top


Build failed: 1 error, 1 warning
