name: uvm_generation_seq_poly
description: UVM example - uvm_generation_seq_poly
files: <redacted-local-path> <redacted-local-path> <redacted-local-path> <redacted-local-path> <redacted-local-path> <redacted-local-path> <redacted-local-path>
incdirs: <redacted-local-path>
tags: uvm-examples uvm
type: simulation elaboration parsing
timeout: 360
unsynthesizable: 1
simvariants: UVM_TESTNAME=rand_transfer_test
top_module: 
should_fail: 0
should_fail_because: 
defines: 
compatible-runners: all
results_group: 
mode: elaboration
rc: 0
tool_success: 1
runner: slang
runner_url: https://github.com/MikePopoloski/slang/tree/f357dec19224c828b7b5e97b79779980a075f70a
time_elapsed: 0.7420542240142822
user_time: 0.879813
system_time: 0.9522999999999999
ram_usage: 148736
date_completed: 2026-07-02 03:18:36

slang-driver --single-unit --timescale=1ns/1ns -I <redacted-local-path> -Wno-error=index-oob -Wno-error=range-oob -Wno-error=range-width-oob <redacted-local-path> <redacted-local-path> <redacted-local-path> <redacted-local-path> <redacted-local-path> <redacted-local-path> <redacted-local-path>
in file included from ../../../third_party/tests/uvm/src/uvm_pkg.sv:57:
in file included from ../../../third_party/tests/uvm/src/base/uvm_base.svh:77:
../../../third_party/tests/uvm/src/base/uvm_config_db_implementation.svh:375:26: warning: unknown character escape sequence '\.' [-Wunknown-escape-code]
            separator = "\.(" ;
                         ^
Top level design units:
    top_tb


Build succeeded: 0 errors, 1 warning
