name: uvm_tb_build_ss_tb
description: UVM example - uvm_tb_build_ss_tb
files: <redacted-local-path> <redacted-local-path> <redacted-local-path> <redacted-local-path> <redacted-local-path> <redacted-local-path> <redacted-local-path> <redacted-local-path> <redacted-local-path> <redacted-local-path> <redacted-local-path> <redacted-local-path> <redacted-local-path> <redacted-local-path> <redacted-local-path> <redacted-local-path> <redacted-local-path> <redacted-local-path> <redacted-local-path> <redacted-local-path> <redacted-local-path> <redacted-local-path> <redacted-local-path> <redacted-local-path> <redacted-local-path> <redacted-local-path> <redacted-local-path> <redacted-local-path> <redacted-local-path> <redacted-local-path> <redacted-local-path> <redacted-local-path> <redacted-local-path> <redacted-local-path> <redacted-local-path> <redacted-local-path> <redacted-local-path> <redacted-local-path> <redacted-local-path> <redacted-local-path> <redacted-local-path> <redacted-local-path> <redacted-local-path> <redacted-local-path> <redacted-local-path> <redacted-local-path> <redacted-local-path> <redacted-local-path> <redacted-local-path> <redacted-local-path> <redacted-local-path> <redacted-local-path> <redacted-local-path> <redacted-local-path> <redacted-local-path> <redacted-local-path> <redacted-local-path> <redacted-local-path> <redacted-local-path> <redacted-local-path> <redacted-local-path> <redacted-local-path> <redacted-local-path> <redacted-local-path> <redacted-local-path> <redacted-local-path> <redacted-local-path> <redacted-local-path> <redacted-local-path>
incdirs: <redacted-local-path> <redacted-local-path> <redacted-local-path> <redacted-local-path> <redacted-local-path> <redacted-local-path> <redacted-local-path> <redacted-local-path> <redacted-local-path> <redacted-local-path> <redacted-local-path> <redacted-local-path> <redacted-local-path> <redacted-local-path> <redacted-local-path> <redacted-local-path> <redacted-local-path> <redacted-local-path> <redacted-local-path> <redacted-local-path> <redacted-local-path> <redacted-local-path> <redacted-local-path> <redacted-local-path>
tags: uvm-examples uvm
type: simulation elaboration parsing
timeout: 360
unsynthesizable: 1
simvariants: UVM_TESTNAME=pss_spi_interrupt_test
top_module: 
should_fail: 0
should_fail_because: 
defines: 
compatible-runners: all
results_group: 
mode: elaboration
rc: 5
tool_success: 0
runner: slang
runner_url: https://github.com/MikePopoloski/slang/tree/f357dec19224c828b7b5e97b79779980a075f70a
time_elapsed: 1.9196090698242188
user_time: 6.583236
system_time: 7.9028089999999995
ram_usage: 230204
date_completed: 2026-07-02 03:18:37

slang-driver --single-unit --timescale=1ns/1ns -I <redacted-local-path> -I <redacted-local-path> -I <redacted-local-path> -I <redacted-local-path> -I <redacted-local-path> -I <redacted-local-path> -I <redacted-local-path> -I <redacted-local-path> -I <redacted-local-path> -I <redacted-local-path> -I <redacted-local-path> -I <redacted-local-path> -I <redacted-local-path> -I <redacted-local-path> -I <redacted-local-path> -I <redacted-local-path> -I <redacted-local-path> -I <redacted-local-path> -I <redacted-local-path> -I <redacted-local-path> -I <redacted-local-path> -I <redacted-local-path> -I <redacted-local-path> -I <redacted-local-path> -Wno-error=index-oob -Wno-error=range-oob -Wno-error=range-width-oob <redacted-local-path> <redacted-local-path> <redacted-local-path> <redacted-local-path> <redacted-local-path> <redacted-local-path> <redacted-local-path> <redacted-local-path> <redacted-local-path> <redacted-local-path> <redacted-local-path> <redacted-local-path> <redacted-local-path> <redacted-local-path> <redacted-local-path> <redacted-local-path> <redacted-local-path> <redacted-local-path> <redacted-local-path> <redacted-local-path> <redacted-local-path> <redacted-local-path> <redacted-local-path> <redacted-local-path> <redacted-local-path> <redacted-local-path> <redacted-local-path> <redacted-local-path> <redacted-local-path> <redacted-local-path> <redacted-local-path> <redacted-local-path> <redacted-local-path> <redacted-local-path> <redacted-local-path> <redacted-local-path> <redacted-local-path> <redacted-local-path> <redacted-local-path> <redacted-local-path> <redacted-local-path> <redacted-local-path> <redacted-local-path> <redacted-local-path> <redacted-local-path> <redacted-local-path> <redacted-local-path> <redacted-local-path> <redacted-local-path> <redacted-local-path> <redacted-local-path> <redacted-local-path> <redacted-local-path> <redacted-local-path> <redacted-local-path> <redacted-local-path> <redacted-local-path> <redacted-local-path> <redacted-local-path> <redacted-local-path> <redacted-local-path> <redacted-local-path> <redacted-local-path> <redacted-local-path> <redacted-local-path> <redacted-local-path> <redacted-local-path> <redacted-local-path> <redacted-local-path>
../../../third_party/tests/uvm-examples/uvm_tb_build_ss_tb/sub_system_tbs/pss_tb/tb/intr_if.sv:41:15: warning: edge of expression of type 'logic[4:0]' will only trigger on changes to the first bit [-Wmultibit-edge]
    @(posedge IREQ);
              ^~~~
../../../third_party/tests/uvm-examples/uvm_tb_build_ss_tb/rtl/ahb2apb/rtl/ahb_apb_bridge.sv:181:25: warning: cannot refer to element 4 of 'logic[3:0]' [-Windex-oob]
           slave_select[4] = 1;
                        ^
../../../third_party/tests/uvm-examples/uvm_tb_build_ss_tb/rtl/ahb2apb/rtl/ahb_apb_bridge.sv:184:25: warning: cannot refer to element 5 of 'logic[3:0]' [-Windex-oob]
           slave_select[5] = 1;
                        ^
../../../third_party/tests/uvm-examples/uvm_tb_build_ss_tb/rtl/ahb2apb/rtl/ahb_apb_bridge.sv:187:25: warning: cannot refer to element 6 of 'logic[3:0]' [-Windex-oob]
           slave_select[6] = 1;
                        ^
../../../third_party/tests/uvm-examples/uvm_tb_build_ss_tb/rtl/ahb2apb/rtl/ahb_apb_bridge.sv:190:25: warning: cannot refer to element 7 of 'logic[3:0]' [-Windex-oob]
           slave_select[7] = 1;
                        ^
../../../third_party/tests/uvm-examples/uvm_tb_build_ss_tb/sub_system_tbs/pss_tb/register_model/pss_reg_pkg.sv:113:21: error: virtual method 'sample' is 'public' but declared 'protected' in superclass method
      function void sample(uvm_reg_addr_t offset, bit is_read, uvm_reg_map  map);
                    ^
in file included from ../../../third_party/tests/uvm/src/uvm_pkg.sv:63:
in file included from ../../../third_party/tests/uvm/src/reg/uvm_reg_model.svh:461:
../../../third_party/tests/uvm/src/reg/uvm_reg_block.svh:665:37: note: declared here
   protected virtual function void  sample(uvm_reg_addr_t offset,
                                    ^
in file included from ../../../third_party/tests/uvm/src/uvm_pkg.sv:57:
in file included from ../../../third_party/tests/uvm/src/base/uvm_base.svh:77:
../../../third_party/tests/uvm/src/base/uvm_config_db_implementation.svh:375:26: warning: unknown character escape sequence '\.' [-Wunknown-escape-code]
            separator = "\.(" ;
                         ^
in file included from ../../../third_party/tests/uvm-examples/uvm_tb_build_ss_tb/agents/apb_agent/apb_agent_pkg.sv:25:
../../../third_party/tests/uvm-examples/uvm_tb_build_ss_tb/agents/apb_agent/apb_seq_item.svh:21:9: warning: macro 'uvm_record_field' redefined [-Wredef-macro]
`define uvm_record_field(NAME,VALUE)
        ^~~~~~~~~~~~~~~~
in file included from ../../../third_party/tests/uvm/src/uvm_pkg.sv:37:
in file included from ../../../third_party/tests/uvm/src/uvm_macros.svh:85:
../../../third_party/tests/uvm/src/macros/uvm_recorder_defines.svh:191:9: note: previous definition here
`define uvm_record_field(NAME,VALUE,RECORDER=recorder) \
        ^
in file included from ../../../third_party/tests/uvm-examples/uvm_tb_build_ss_tb/agents/apb_agent/apb_agent_pkg.sv:28:
../../../third_party/tests/uvm-examples/uvm_tb_build_ss_tb/agents/apb_agent/apb_coverage_monitor.svh:37:20: error: identifier 'analysis_txn' used before its declaration
OPCODE: coverpoint analysis_txn.we {
                   ^~~~~~~~~~~~
../../../third_party/tests/uvm-examples/uvm_tb_build_ss_tb/agents/apb_agent/apb_coverage_monitor.svh:48:14: note: declared here
apb_seq_item analysis_txn;
             ^
  in instance: hdl_top.APB
../../../third_party/tests/uvm-examples/uvm_tb_build_ss_tb/sub_system_tbs/pss_tb/tb/apb_prober.sv:36:8: warning: input net port 'PCLK' coerced to 'inout' [-Wport-coercion]
assign APB.PCLK = PCLK;
       ^~~~~~~~
../../../third_party/tests/uvm-examples/uvm_tb_build_ss_tb/agents/apb_agent/apb_if.sv:39:24: note: declared here
interface apb_if(input PCLK,
                       ^~~~
  in instance: hdl_top.APB
../../../third_party/tests/uvm-examples/uvm_tb_build_ss_tb/sub_system_tbs/pss_tb/tb/apb_prober.sv:37:8: warning: input net port 'PRESETn' coerced to 'inout' [-Wport-coercion]
assign APB.PRESETn = PRESETn;
       ^~~~~~~~~~~
../../../third_party/tests/uvm-examples/uvm_tb_build_ss_tb/agents/apb_agent/apb_if.sv:40:24: note: declared here
                 input PRESETn);
                       ^~~~~~~
Top level design units:
    hdl_top
    hvl_top
    uart_debug_if


Build failed: 2 errors, 9 warnings
