name: uvm_use_models_pipelined_item_done
description: UVM example - uvm_use_models_pipelined_item_done
files: <redacted-local-path> <redacted-local-path> <redacted-local-path> <redacted-local-path>
incdirs: <redacted-local-path> <redacted-local-path>
tags: uvm-examples uvm-1.2
type: simulation elaboration parsing
timeout: 360
unsynthesizable: 1
simvariants:  
top_module: 
should_fail: 0
should_fail_because: 
defines: 
compatible-runners: all
results_group: 
mode: elaboration
rc: 5
tool_success: 0
runner: slang
runner_url: https://github.com/MikePopoloski/slang/tree/f357dec19224c828b7b5e97b79779980a075f70a
time_elapsed: 0.8239126205444336
user_time: 0.65032
system_time: 0.39121
ram_usage: 153216
date_completed: 2026-07-02 03:18:36

slang-driver --single-unit --timescale=1ns/1ns -I <redacted-local-path> -I <redacted-local-path> -Wno-error=index-oob -Wno-error=range-oob -Wno-error=range-width-oob <redacted-local-path> <redacted-local-path> <redacted-local-path> <redacted-local-path>
in file included from ../../../third_party/tests/uvm/src/uvm_pkg.sv:57:
in file included from ../../../third_party/tests/uvm/src/base/uvm_base.svh:77:
../../../third_party/tests/uvm/src/base/uvm_config_db_implementation.svh:375:26: warning: unknown character escape sequence '\.' [-Wunknown-escape-code]
            separator = "\.(" ;
                         ^
in file included from ../../../third_party/tests/uvm-examples/uvm_use_models_pipelined_item_done/pipelined_item_done/mbus_pipelined_agent/mbus_pipelined_agent_pkg.sv:27:
../../../third_party/tests/uvm-examples/uvm_use_models_pipelined_item_done/pipelined_item_done/mbus_pipelined_agent/mbus_seq_item.svh:105:22: error: no member named 'sprint' in 'm_uvm_printer_knobs'
    if(printer.knobs.sprint == 0) begin
       ~~~~~~~~~~~~~ ^
Top level design units:
    top_tb


Build failed: 1 error, 1 warning
