name: uvm_c_stimulus_bl_example
description: UVM example - uvm_c_stimulus_bl_example
files: <redacted-local-path> <redacted-local-path> <redacted-local-path> <redacted-local-path> <redacted-local-path> <redacted-local-path> <redacted-local-path> <redacted-local-path> <redacted-local-path> <redacted-local-path> <redacted-local-path> <redacted-local-path> <redacted-local-path> <redacted-local-path> <redacted-local-path> <redacted-local-path> <redacted-local-path> <redacted-local-path> <redacted-local-path> <redacted-local-path>
incdirs: <redacted-local-path> <redacted-local-path> <redacted-local-path> <redacted-local-path> <redacted-local-path> <redacted-local-path> <redacted-local-path> <redacted-local-path> <redacted-local-path> <redacted-local-path>
tags: uvm-examples uvm
type: simulation elaboration parsing
timeout: 360
unsynthesizable: 1
simvariants: UVM_TESTNAME=spi_c_int_test UVM_TESTNAME=spi_c_poll_test
top_module: 
should_fail: 0
should_fail_because: 
defines: 
compatible-runners: all
results_group: 
mode: elaboration
rc: 5
tool_success: 0
runner: slang
runner_url: https://github.com/MikePopoloski/slang/tree/f357dec19224c828b7b5e97b79779980a075f70a
time_elapsed: 1.2447524070739746
user_time: 2.61156
system_time: 4.454943
ram_usage: 167552
date_completed: 2026-07-02 03:18:36

slang-driver --single-unit --timescale=1ns/1ns -I <redacted-local-path> -I <redacted-local-path> -I <redacted-local-path> -I <redacted-local-path> -I <redacted-local-path> -I <redacted-local-path> -I <redacted-local-path> -I <redacted-local-path> -I <redacted-local-path> -I <redacted-local-path> -Wno-error=index-oob -Wno-error=range-oob -Wno-error=range-width-oob <redacted-local-path> <redacted-local-path> <redacted-local-path> <redacted-local-path> <redacted-local-path> <redacted-local-path> <redacted-local-path> <redacted-local-path> <redacted-local-path> <redacted-local-path> <redacted-local-path> <redacted-local-path> <redacted-local-path> <redacted-local-path> <redacted-local-path> <redacted-local-path> <redacted-local-path> <redacted-local-path> <redacted-local-path> <redacted-local-path>
../../../third_party/tests/uvm-examples/uvm_c_stimulus_bl_example/block_level_example/uvm_tb/uvm_register_model/spi_reg_pkg.sv:156:21: error: virtual method 'sample' is 'public' but declared 'protected' in superclass method
      function void sample(uvm_reg_data_t data,
                    ^
in file included from ../../../third_party/tests/uvm/src/uvm_pkg.sv:63:
in file included from ../../../third_party/tests/uvm/src/reg/uvm_reg_model.svh:453:
../../../third_party/tests/uvm/src/reg/uvm_reg.svh:629:36: note: declared here
   protected virtual function void sample(uvm_reg_data_t  data,
                                   ^
../../../third_party/tests/uvm-examples/uvm_c_stimulus_bl_example/block_level_example/uvm_tb/uvm_register_model/spi_reg_pkg.sv:441:21: error: virtual method 'sample' is 'public' but declared 'protected' in superclass method
      function void sample(uvm_reg_addr_t offset, bit is_read, uvm_reg_map  map);
                    ^
in file included from ../../../third_party/tests/uvm/src/uvm_pkg.sv:63:
in file included from ../../../third_party/tests/uvm/src/reg/uvm_reg_model.svh:461:
../../../third_party/tests/uvm/src/reg/uvm_reg_block.svh:665:37: note: declared here
   protected virtual function void  sample(uvm_reg_addr_t offset,
                                    ^
in file included from ../../../third_party/tests/uvm/src/uvm_pkg.sv:57:
in file included from ../../../third_party/tests/uvm/src/base/uvm_base.svh:77:
../../../third_party/tests/uvm/src/base/uvm_config_db_implementation.svh:375:26: warning: unknown character escape sequence '\.' [-Wunknown-escape-code]
            separator = "\.(" ;
                         ^
in file included from ../../../third_party/tests/uvm-examples/uvm_c_stimulus_bl_example/block_level_example/agents/apb_agent/apb_agent_pkg.sv:27:
../../../third_party/tests/uvm-examples/uvm_c_stimulus_bl_example/block_level_example/agents/apb_agent/apb_coverage_monitor.svh:37:20: error: identifier 'analysis_txn' used before its declaration
OPCODE: coverpoint analysis_txn.we {
                   ^~~~~~~~~~~~
../../../third_party/tests/uvm-examples/uvm_c_stimulus_bl_example/block_level_example/agents/apb_agent/apb_coverage_monitor.svh:48:14: note: declared here
apb_seq_item analysis_txn;
             ^
Top level design units:
    top_tb


Build failed: 3 errors, 1 warning
