name: warning_task
description: $warning test
tags: 20.10
type: parsing
unsynthesizable: 1
files: <redacted-local-path>
incdirs: <redacted-local-path>
top_module: 
timeout: 30
should_fail: 0
should_fail_because: 
defines: 
compatible-runners: all
results_group: 
simvariants: 
mode: parsing
rc: 0
tool_success: 1
runner: slang
runner_url: https://github.com/MikePopoloski/slang/tree/f357dec19224c828b7b5e97b79779980a075f70a
time_elapsed: 0.006941080093383789
user_time: 0.0021579999999999998
system_time: 0.005291
ram_usage: 13440
date_completed: 2026-07-02 03:18:35

slang-driver --parse-only --single-unit --timescale=1ns/1ns -I <redacted-local-path> -Wno-error=index-oob -Wno-error=range-oob -Wno-error=range-width-oob <redacted-local-path>
