name: hdlconvertor_std2017_p771
description: Tests imported from hdlconv_std2017
files: <redacted-local-path> <redacted-local-path>
incdirs: <redacted-local-path>
tags: hdlconv_std2017
type: parsing
results_group: imported
top_module: 
timeout: 30
should_fail: 0
should_fail_because: 
defines: 
compatible-runners: all
unsynthesizable: 0
simvariants: 
mode: parsing
rc: 0
tool_success: 1
runner: slang
runner_url: https://github.com/MikePopoloski/slang/tree/f357dec19224c828b7b5e97b79779980a075f70a
time_elapsed: 0.004845380783081055
user_time: 0.0022229999999999997
system_time: 0.005085999999999999
ram_usage: 13440
date_completed: 2026-07-02 03:18:38

slang-driver --parse-only --single-unit --timescale=1ns/1ns -I <redacted-local-path> -Wno-error=index-oob -Wno-error=range-oob -Wno-error=range-width-oob <redacted-local-path> <redacted-local-path>
