name: inherited_prot_from_outside
description: encapsulation test
should_fail_because: It is illegal to access inherited protected variable from subclass instance.
tags: 8.18
type: simulation elaboration
files: <redacted-local-path>
incdirs: <redacted-local-path>
top_module: 
timeout: 30
should_fail: 1
defines: 
compatible-runners: all
unsynthesizable: 0
results_group: 
simvariants: 
mode: elaboration
rc: 5
tool_success: 0
runner: slang
runner_url: https://github.com/MikePopoloski/slang/tree/f357dec19224c828b7b5e97b79779980a075f70a
time_elapsed: 0.08314204216003418
user_time: 0.026029999999999998
system_time: 0.117489
ram_usage: 11648
date_completed: 2026-07-02 03:18:35

slang-driver --single-unit --timescale=1ns/1ns -I <redacted-local-path> -Wno-error=index-oob -Wno-error=range-oob -Wno-error=range-width-oob <redacted-local-path>
../../../tests/generated/encapsulation/8.18--inherited_prot_from_outside.sv:25:20: error: 'a_prot' is a protected member of 'a_cls'
    $display(b_obj.a_prot);
                   ^~~~~~
../../../tests/generated/encapsulation/8.18--inherited_prot_from_outside.sv:11:19: note: declared here
    protected int a_prot = 22;
                  ^
Top level design units:
    top


Build failed: 1 error, 0 warnings
