name: inherited_local_from_inside
description: encapsulation test
should_fail_because: It is illegal to access inherited local variable inside subclass.
tags: 8.18
type: simulation elaboration
files: <redacted-local-path>
incdirs: <redacted-local-path>
top_module: 
timeout: 30
should_fail: 1
defines: 
compatible-runners: all
unsynthesizable: 0
results_group: 
simvariants: 
mode: elaboration
rc: 5
tool_success: 0
runner: slang
runner_url: https://github.com/MikePopoloski/slang/tree/f357dec19224c828b7b5e97b79779980a075f70a
time_elapsed: 0.09432673454284668
user_time: 0.03268
system_time: 0.12425699999999999
ram_usage: 13440
date_completed: 2026-07-02 03:18:35

slang-driver --single-unit --timescale=1ns/1ns -I <redacted-local-path> -Wno-error=index-oob -Wno-error=range-oob -Wno-error=range-width-oob <redacted-local-path>
../../../tests/generated/encapsulation/8.18--inherited_local_from_inside.sv:19:18: error: 'a_loc' is a local member of 'a_cls'
        $display(a_loc);
                 ^~~~~
../../../tests/generated/encapsulation/8.18--inherited_local_from_inside.sv:10:15: note: declared here
    local int a_loc = 21;
              ^
Top level design units:
    top


Build failed: 1 error, 0 warnings
