name: local_from_outside
description: encapsulation test
should_fail_because: It is illegal to access local variable from class instance.
tags: 8.18
type: simulation elaboration
files: <redacted-local-path>
incdirs: <redacted-local-path>
top_module: 
timeout: 30
should_fail: 1
defines: 
compatible-runners: all
unsynthesizable: 0
results_group: 
simvariants: 
mode: elaboration
rc: 5
tool_success: 0
runner: slang
runner_url: https://github.com/MikePopoloski/slang/tree/f357dec19224c828b7b5e97b79779980a075f70a
time_elapsed: 0.08320140838623047
user_time: 0.023533
system_time: 0.133872
ram_usage: 11648
date_completed: 2026-07-02 03:18:35

slang-driver --single-unit --timescale=1ns/1ns -I <redacted-local-path> -Wno-error=index-oob -Wno-error=range-oob -Wno-error=range-width-oob <redacted-local-path>
../../../tests/generated/encapsulation/8.18--local_from_outside.sv:25:20: error: 'b_loc' is a local member of 'b_cls'
    $display(b_obj.b_loc);
                   ^~~~~
../../../tests/generated/encapsulation/8.18--local_from_outside.sv:15:15: note: declared here
    local int b_loc = 31;
              ^
Top level design units:
    top


Build failed: 1 error, 0 warnings
