name: proc_assignment__bad
description: continuous assignment with delay test
should_fail_because: Illegal to procedurally assign to wire, IEEE Table 10-1
tags: 10.3
type: simulation elaboration
files: <redacted-local-path>
incdirs: <redacted-local-path>
top_module: 
timeout: 30
should_fail: 1
defines: 
compatible-runners: all
unsynthesizable: 0
results_group: 
simvariants: 
mode: elaboration
rc: 5
tool_success: 0
runner: slang
runner_url: https://github.com/MikePopoloski/slang/tree/f357dec19224c828b7b5e97b79779980a075f70a
time_elapsed: 0.1033945083618164
user_time: 0.029033
system_time: 0.086167
ram_usage: 11648
date_completed: 2026-07-02 03:18:37

slang-driver --single-unit --timescale=1ns/1ns -I <redacted-local-path> -Wno-error=index-oob -Wno-error=range-oob -Wno-error=range-width-oob <redacted-local-path>
../../../tests/chapter-10/10.3--proc-assignment--bad.sv:23:9: error: cannot assign to a net within a procedural context
        w = #10 a & b;
        ^
Top level design units:
    top


Build failed: 1 error, 0 warnings
