name: logical_equiv_operator_sim_3
description: logical equivalence operator test in simulation
type: simulation elaboration parsing
tags: 11.4.7
files: <redacted-local-path>
incdirs: <redacted-local-path>
top_module: 
timeout: 30
should_fail: 0
should_fail_because: 
defines: 
compatible-runners: all
unsynthesizable: 0
results_group: 
simvariants: 
mode: elaboration
rc: 0
tool_success: 1
runner: slang
runner_url: https://github.com/MikePopoloski/slang/tree/f357dec19224c828b7b5e97b79779980a075f70a
time_elapsed: 0.06291675567626953
user_time: 0.019656999999999997
system_time: 0.071226
ram_usage: 13440
date_completed: 2026-07-02 03:18:33

slang-driver --single-unit --timescale=1ns/1ns -I <redacted-local-path> -Wno-error=index-oob -Wno-error=range-oob -Wno-error=range-width-oob <redacted-local-path>
Top level design units:
    top

Build succeeded: 0 errors, 0 warnings
