name: sanity
description: A simple module that should fail during parsing
should_fail_because: syntax error, fails during parsing
tags: sanity
files: <redacted-local-path>
incdirs: <redacted-local-path>
top_module: 
timeout: 30
type: parsing elaboration
should_fail: 1
defines: 
compatible-runners: all
unsynthesizable: 0
results_group: 
simvariants: 
mode: elaboration
rc: 5
tool_success: 0
runner: slang
runner_url: https://github.com/MikePopoloski/slang/tree/f357dec19224c828b7b5e97b79779980a075f70a
time_elapsed: 0.06839275360107422
user_time: 0.027711999999999997
system_time: 0.10162
ram_usage: 13440
date_completed: 2026-07-02 03:18:31

slang-driver --single-unit --timescale=1ns/1ns -I <redacted-local-path> -Wno-error=index-oob -Wno-error=range-oob -Wno-error=range-width-oob <redacted-local-path>
../../../tests/sanity.sv:23:9: error: expected a declaration name
        wire clk;
        ^
Top level design units:
    sanity_tb


Build failed: 1 error, 0 warnings
