name: structure-arrays-illegal
description: Structure array assignment tests
should_fail_because: C-like assignment is illegal
tags: 5.10
type: simulation elaboration
files: <redacted-local-path>
incdirs: <redacted-local-path>
top_module: 
timeout: 30
should_fail: 1
defines: 
compatible-runners: all
unsynthesizable: 0
results_group: 
simvariants: 
mode: elaboration
rc: 5
tool_success: 0
runner: slang
runner_url: https://github.com/MikePopoloski/slang/tree/f357dec19224c828b7b5e97b79779980a075f70a
time_elapsed: 0.10815644264221191
user_time: 0.019937
system_time: 0.11485899999999999
ram_usage: 13440
date_completed: 2026-07-02 03:18:31

slang-driver --single-unit --timescale=1ns/1ns -I <redacted-local-path> -Wno-error=index-oob -Wno-error=range-oob -Wno-error=range-width-oob <redacted-local-path>
../../../tests/chapter-5/5.10-structure-arrays-illegal.sv:24:20: error: value of type 'int' cannot be assigned to type 'ms_t'
  ms_t ms[1:0] = '{0, 0, 1, 1};
                   ^
../../../tests/chapter-5/5.10-structure-arrays-illegal.sv:24:23: error: value of type 'int' cannot be assigned to type 'ms_t'
  ms_t ms[1:0] = '{0, 0, 1, 1};
                      ^
../../../tests/chapter-5/5.10-structure-arrays-illegal.sv:24:26: error: value of type 'int' cannot be assigned to type 'ms_t'
  ms_t ms[1:0] = '{0, 0, 1, 1};
                         ^
../../../tests/chapter-5/5.10-structure-arrays-illegal.sv:24:29: error: value of type 'int' cannot be assigned to type 'ms_t'
  ms_t ms[1:0] = '{0, 0, 1, 1};
                            ^
Top level design units:
    top


Build failed: 4 errors, 0 warnings
