name: compiler_directives_preprocessor_macro_0
description: Read preprocessing macro from template (:defines: marker)
tags: 5.6.4
type: preprocessing
defines: TEST_VAR
files: <redacted-local-path>
incdirs: <redacted-local-path>
top_module: 
timeout: 30
should_fail: 0
should_fail_because: 
compatible-runners: all
unsynthesizable: 0
results_group: 
simvariants: 
mode: preprocessing
rc: 0
tool_success: 1
runner: slang
runner_url: https://github.com/MikePopoloski/slang/tree/f357dec19224c828b7b5e97b79779980a075f70a
time_elapsed: 0.0056531429290771484
user_time: 0.000797
system_time: 0.005686
ram_usage: 13440
date_completed: 2026-07-02 03:18:31

slang-driver -E --single-unit --timescale=1ns/1ns -I <redacted-local-path> -D TEST_VAR -Wno-error=index-oob -Wno-error=range-oob -Wno-error=range-width-oob <redacted-local-path>


