name: compiler_directives_preprocessor_macro_1
description: Read preprocessing macro from template (:defines: marker)
tags: 5.6.4
defines: VAR_1=2 VAR_2=5
files: <redacted-local-path>
incdirs: <redacted-local-path>
top_module: 
timeout: 30
type: parsing elaboration
should_fail: 0
should_fail_because: 
compatible-runners: all
unsynthesizable: 0
results_group: 
simvariants: 
mode: elaboration
rc: 0
tool_success: 1
runner: slang
runner_url: https://github.com/MikePopoloski/slang/tree/f357dec19224c828b7b5e97b79779980a075f70a
time_elapsed: 0.12034320831298828
user_time: 0.021825
system_time: 0.10352399999999999
ram_usage: 13440
date_completed: 2026-07-02 03:18:31

slang-driver --single-unit --timescale=1ns/1ns -I <redacted-local-path> -D VAR_1=2 -D VAR_2=5 -Wno-error=index-oob -Wno-error=range-oob -Wno-error=range-width-oob <redacted-local-path>
Top level design units:
    top

Build succeeded: 0 errors, 0 warnings
