name: real-constants-illegal
description: Examples of real literal constants
should_fail_because: Real literal constants must have at least one digit on each side of the decimal point
tags: 5.7.2
files: <redacted-local-path>
incdirs: <redacted-local-path>
top_module: 
timeout: 30
type: parsing elaboration
should_fail: 1
defines: 
compatible-runners: all
unsynthesizable: 0
results_group: 
simvariants: 
mode: elaboration
rc: 5
tool_success: 0
runner: slang
runner_url: https://github.com/MikePopoloski/slang/tree/f357dec19224c828b7b5e97b79779980a075f70a
time_elapsed: 0.0939476490020752
user_time: 0.017764
system_time: 0.08567799999999999
ram_usage: 13440
date_completed: 2026-07-02 03:18:31

slang-driver --single-unit --timescale=1ns/1ns -I <redacted-local-path> -Wno-error=index-oob -Wno-error=range-oob -Wno-error=range-width-oob <redacted-local-path>
../../../tests/chapter-5/5.7.2-real-constants-illegal.sv:20:8: error: expected identifier
    a = .12;
       ^
../../../tests/chapter-5/5.7.2-real-constants-illegal.sv:20:10: error: expected identifier
    a = .12;
         ^
../../../tests/chapter-5/5.7.2-real-constants-illegal.sv:21:11: error: expected fractional digits after decimal
    a = 9.;
          ^
../../../tests/chapter-5/5.7.2-real-constants-illegal.sv:22:11: error: expected fractional digits after decimal
    a = 4.E3;
          ^
../../../tests/chapter-5/5.7.2-real-constants-illegal.sv:23:8: error: expected identifier
    a = .2e-7;
       ^
../../../tests/chapter-5/5.7.2-real-constants-illegal.sv:23:10: error: expected identifier
    a = .2e-7;
         ^
Top level design units:
    top


Build failed: 6 errors, 0 warnings
