name: bsg_dataflow_BaseJumpSTL_bsg_ready_to_credit_flow_converter
description: Tests imported from basejump
files: <redacted-local-path> <redacted-local-path> <redacted-local-path> <redacted-local-path> <redacted-local-path> <redacted-local-path> <redacted-local-path> <redacted-local-path> <redacted-local-path> <redacted-local-path> <redacted-local-path> <redacted-local-path>
incdirs: <redacted-local-path> <redacted-local-path> <redacted-local-path> <redacted-local-path>
tags: basejump
results_group: imported
top_module: top
timeout: 30
type: parsing elaboration
should_fail: 0
should_fail_because: 
defines: 
compatible-runners: all
unsynthesizable: 0
simvariants: 
mode: elaboration
rc: 0
tool_success: 1
runner: slang
runner_url: https://github.com/MikePopoloski/slang/tree/f357dec19224c828b7b5e97b79779980a075f70a
time_elapsed: 0.22562575340270996
user_time: 0.030372
system_time: 0.193407
ram_usage: 13440
date_completed: 2026-07-02 03:18:40

slang-driver --single-unit --timescale=1ns/1ns --top=top -I <redacted-local-path> -I <redacted-local-path> -I <redacted-local-path> -I <redacted-local-path> -Wno-error=index-oob -Wno-error=range-oob -Wno-error=range-width-oob <redacted-local-path> <redacted-local-path> <redacted-local-path> <redacted-local-path> <redacted-local-path> <redacted-local-path> <redacted-local-path> <redacted-local-path> <redacted-local-path> <redacted-local-path> <redacted-local-path> <redacted-local-path>
Top level design units:
    top

Build succeeded: 0 errors, 0 warnings
