name: casez_pattern
description: A module testing pattern matching in casez statements
tags: 12.6.1
files: <redacted-local-path>
incdirs: <redacted-local-path>
top_module: 
timeout: 30
type: parsing elaboration
should_fail: 0
should_fail_because: 
defines: 
compatible-runners: all
unsynthesizable: 0
results_group: 
simvariants: 
mode: elaboration
rc: 0
tool_success: 1
runner: slang
runner_url: https://github.com/MikePopoloski/slang/tree/f357dec19224c828b7b5e97b79779980a075f70a
time_elapsed: 0.08936858177185059
user_time: 0.015309
system_time: 0.09326
ram_usage: 11648
date_completed: 2026-07-02 03:18:33

slang-driver --single-unit --timescale=1ns/1ns -I <redacted-local-path> -Wno-error=index-oob -Wno-error=range-oob -Wno-error=range-width-oob <redacted-local-path>
../../../tests/chapter-12/12.6.1--casez_pattern.sv:35:31: warning: vector literal too large for the given number of bits (12 bits needed) [-Wvector-overflow]
                tagged c '{4'hz00?, .v} : $display("c %d", v);
                              ^
Top level design units:
    case_tb


Build succeeded: 0 errors, 1 warning
