name: dowhile_loop
description: A module testing do..while loop
tags: 12.7.5
files: <redacted-local-path>
incdirs: <redacted-local-path>
top_module: 
timeout: 30
type: parsing elaboration
should_fail: 0
should_fail_because: 
defines: 
compatible-runners: all
unsynthesizable: 0
results_group: 
simvariants: 
mode: elaboration
rc: 0
tool_success: 1
runner: slang
runner_url: https://github.com/MikePopoloski/slang/tree/f357dec19224c828b7b5e97b79779980a075f70a
time_elapsed: 0.10793828964233398
user_time: 0.017176999999999998
system_time: 0.08655499999999999
ram_usage: 10752
date_completed: 2026-07-02 03:18:33

slang-driver --single-unit --timescale=1ns/1ns -I <redacted-local-path> -Wno-error=index-oob -Wno-error=range-oob -Wno-error=range-width-oob <redacted-local-path>
../../../tests/chapter-12/12.7.5--dowhile.sv:18:21: warning: initializing a static variable in a procedural context requires an explicit 'static' keyword [-Wexplicit-static]
                int i = 0;
                    ^
Top level design units:
    dowhile_tb


Build succeeded: 0 errors, 1 warning
