name: aborting_productions_break_and_return_2_fail
description: return statement test
should_fail_because: typo in production name
type: elaboration
tags: 18.17.6
unsynthesizable: 1
files: <redacted-local-path>
incdirs: <redacted-local-path>
top_module: 
timeout: 30
should_fail: 1
defines: 
compatible-runners: all
results_group: 
simvariants: 
mode: elaboration
rc: 5
tool_success: 0
runner: slang
runner_url: https://github.com/MikePopoloski/slang/tree/f357dec19224c828b7b5e97b79779980a075f70a
time_elapsed: 0.10195517539978027
user_time: 0.016942
system_time: 0.09117399999999999
ram_usage: 13440
date_completed: 2026-07-02 03:18:33

slang-driver --single-unit --timescale=1ns/1ns -I <redacted-local-path> -Wno-error=index-oob -Wno-error=range-oob -Wno-error=range-width-oob <redacted-local-path>
../../../tests/chapter-18/18.17.6--aborting-productions-break-and-return_2_fail.sv:23:20: error: use of undeclared identifier 'secondi'
      main : first secondi third;
                   ^~~~~~~
warning: no top-level modules found in design [-Wmissing-top]

Build failed: 1 error, 1 warning
