name: if_else_production_statements_2_fail
description: randcase if-else test
should_fail_because: switch variable not declared
type: elaboration
tags: 18.17.2
unsynthesizable: 1
files: <redacted-local-path>
incdirs: <redacted-local-path>
top_module: 
timeout: 30
should_fail: 1
defines: 
compatible-runners: all
results_group: 
simvariants: 
mode: elaboration
rc: 5
tool_success: 0
runner: slang
runner_url: https://github.com/MikePopoloski/slang/tree/f357dec19224c828b7b5e97b79779980a075f70a
time_elapsed: 0.1128838062286377
user_time: 0.024158
system_time: 0.123689
ram_usage: 13440
date_completed: 2026-07-02 03:18:32

slang-driver --single-unit --timescale=1ns/1ns -I <redacted-local-path> -Wno-error=index-oob -Wno-error=range-oob -Wno-error=range-width-oob <redacted-local-path>
../../../tests/chapter-18/18.17.2--if-else-production-statements_2_fail.sv:23:18: error: use of undeclared identifier 'switch'
      first : if(switch) second else third;
                 ^~~~~~
warning: no top-level modules found in design [-Wmissing-top]

Build failed: 1 error, 1 warning
