name: soft_constraints_2
description: soft constraints test
should_fail_because: Soft constraints can only be specified on random variables; they may not be specified for randc variables.
tags: 18.5.14
type: simulation elaboration
files: <redacted-local-path>
incdirs: <redacted-local-path>
top_module: 
timeout: 30
should_fail: 1
defines: 
compatible-runners: all
unsynthesizable: 0
results_group: 
simvariants: 
mode: elaboration
rc: 5
tool_success: 0
runner: slang
runner_url: https://github.com/MikePopoloski/slang/tree/f357dec19224c828b7b5e97b79779980a075f70a
time_elapsed: 0.0965416431427002
user_time: 0.018258
system_time: 0.077428
ram_usage: 13440
date_completed: 2026-07-02 03:18:33

slang-driver --single-unit --timescale=1ns/1ns -I <redacted-local-path> -Wno-error=index-oob -Wno-error=range-oob -Wno-error=range-width-oob <redacted-local-path>
../../../tests/chapter-18/18.5.14--soft-constraints_2.sv:23:14: error: 'randc' variables cannot be used in 'soft' constraints
        soft b > 4;
             ^
../../../tests/chapter-18/18.5.14--soft-constraints_2.sv:24:14: error: 'randc' variables cannot be used in 'soft' constraints
        soft b < 12; }
             ^
warning: no top-level modules found in design [-Wmissing-top]

Build failed: 2 errors, 1 warning
