name: variable_ordering_1
description: variable ordering test
should_fail_because: randc vars are not allowed, they are always solved before any other
tags: 18.5.10
type: simulation elaboration
files: <redacted-local-path>
incdirs: <redacted-local-path>
top_module: 
timeout: 30
should_fail: 1
defines: 
compatible-runners: all
unsynthesizable: 0
results_group: 
simvariants: 
mode: elaboration
rc: 5
tool_success: 0
runner: slang
runner_url: https://github.com/MikePopoloski/slang/tree/f357dec19224c828b7b5e97b79779980a075f70a
time_elapsed: 0.11247801780700684
user_time: 0.017853
system_time: 0.077359
ram_usage: 13440
date_completed: 2026-07-02 03:18:33

slang-driver --single-unit --timescale=1ns/1ns -I <redacted-local-path> -Wno-error=index-oob -Wno-error=range-oob -Wno-error=range-width-oob <redacted-local-path>
../../../tests/chapter-18/18.5.10--variable-ordering_1.sv:23:37: error: 'randc' variables cannot be used in 'solve before' constraints
    constraint c2 { solve b1 before b2; }
                                    ^~
warning: no top-level modules found in design [-Wmissing-top]

Build failed: 1 error, 1 warning
