name: pure_constraint_2
description: pure constraint test
should_fail_because: pure constraint must be implemented by non-virtual class
tags: 18.5.2
type: simulation elaboration
files: <redacted-local-path>
incdirs: <redacted-local-path>
top_module: 
timeout: 30
should_fail: 1
defines: 
compatible-runners: all
unsynthesizable: 0
results_group: 
simvariants: 
mode: elaboration
rc: 5
tool_success: 0
runner: slang
runner_url: https://github.com/MikePopoloski/slang/tree/f357dec19224c828b7b5e97b79779980a075f70a
time_elapsed: 0.10468935966491699
user_time: 0.022764
system_time: 0.128748
ram_usage: 13440
date_completed: 2026-07-02 03:18:32

slang-driver --single-unit --timescale=1ns/1ns -I <redacted-local-path> -Wno-error=index-oob -Wno-error=range-oob -Wno-error=range-width-oob <redacted-local-path>
../../../tests/chapter-18/18.5.2--pure-constraint_2.sv:22:10: error: 'a2' cannot inherit from virtual class 'a' without providing an implementation for pure constraint 'c'
class a2 extends a;
         ^~~~~~~~~
../../../tests/chapter-18/18.5.2--pure-constraint_2.sv:19:21: note: declared here
    pure constraint c;
                    ^
warning: no top-level modules found in design [-Wmissing-top]

Build failed: 1 error, 1 warning
