name: explicit_external_constraint_1
description: explicit external constraint test
should_fail_because: explicit contraint needs to be defined
tags: 18.5.1
type: simulation elaboration
files: <redacted-local-path>
incdirs: <redacted-local-path>
top_module: 
timeout: 30
should_fail: 1
defines: 
compatible-runners: all
unsynthesizable: 0
results_group: 
simvariants: 
mode: elaboration
rc: 5
tool_success: 0
runner: slang
runner_url: https://github.com/MikePopoloski/slang/tree/f357dec19224c828b7b5e97b79779980a075f70a
time_elapsed: 0.07328414916992188
user_time: 0.024943999999999997
system_time: 0.11032499999999999
ram_usage: 13440
date_completed: 2026-07-02 03:18:32

slang-driver --single-unit --timescale=1ns/1ns -I <redacted-local-path> -Wno-error=index-oob -Wno-error=range-oob -Wno-error=range-width-oob <redacted-local-path>
../../../tests/chapter-18/18.5.1--explicit-external-constraint_1.sv:20:23: error: no implementation found in parent scope for 'c'
    extern constraint c;
                      ^
warning: no top-level modules found in design [-Wmissing-top]

Build failed: 1 error, 1 warning
