name: behavior_of_randomization_methods_5
description: behavior of randomization methods test
should_fail_because: The randomize() method is built-in and cannot be overridden.
tags: uvm-random uvm
type: simulation elaboration
timeout: 300
unsynthesizable: 1
files: <redacted-local-path> <redacted-local-path>
incdirs: <redacted-local-path> <redacted-local-path>
top_module: 
should_fail: 1
defines: 
compatible-runners: all
results_group: 
simvariants: 
mode: elaboration
rc: 5
tool_success: 0
runner: slang
runner_url: https://github.com/MikePopoloski/slang/tree/f357dec19224c828b7b5e97b79779980a075f70a
time_elapsed: 0.809035062789917
user_time: 0.7679309999999999
system_time: 0.782115
ram_usage: 144256
date_completed: 2026-07-02 03:18:34

slang-driver --single-unit --timescale=1ns/1ns -I <redacted-local-path> -I <redacted-local-path> -Wno-error=index-oob -Wno-error=range-oob -Wno-error=range-width-oob <redacted-local-path> <redacted-local-path>
../../../tests/chapter-18/18.6.3--behavior-of-randomization-methods_5.sv:27:19: error: cannot override built-in method 'randomize'
    function void randomize();
                  ^
../../../tests/chapter-18/18.6.3--behavior-of-randomization-methods_5.sv:45:10: error: use of undeclared identifier 'b'
      if(b > 5 && b < 12) begin
         ^
../../../tests/chapter-18/18.6.3--behavior-of-randomization-methods_5.sv:45:19: error: use of undeclared identifier 'b'
      if(b > 5 && b < 12) begin
                  ^
in file included from ../../../third_party/tests/uvm/src/uvm_pkg.sv:57:
in file included from ../../../third_party/tests/uvm/src/base/uvm_base.svh:77:
../../../third_party/tests/uvm/src/base/uvm_config_db_implementation.svh:375:26: warning: unknown character escape sequence '\.' [-Wunknown-escape-code]
            separator = "\.(" ;
                         ^
Top level design units:
    top


Build failed: 3 errors, 1 warning
