name: behavior_of_randomization_methods_4
description: behavior of randomization methods test
should_fail_because: The randomize() method is built-in and cannot be overridden.
tags: 18.6.3
type: simulation elaboration
files: <redacted-local-path>
incdirs: <redacted-local-path>
top_module: 
timeout: 30
should_fail: 1
defines: 
compatible-runners: all
unsynthesizable: 0
results_group: 
simvariants: 
mode: elaboration
rc: 5
tool_success: 0
runner: slang
runner_url: https://github.com/MikePopoloski/slang/tree/f357dec19224c828b7b5e97b79779980a075f70a
time_elapsed: 0.08862757682800293
user_time: 0.0214
system_time: 0.084782
ram_usage: 11648
date_completed: 2026-07-02 03:18:33

slang-driver --single-unit --timescale=1ns/1ns -I <redacted-local-path> -Wno-error=index-oob -Wno-error=range-oob -Wno-error=range-width-oob <redacted-local-path>
../../../tests/chapter-18/18.6.3--behavior-of-randomization-methods_4.sv:22:19: error: cannot override built-in method 'randomize'
    function void randomize();
                  ^
warning: no top-level modules found in design [-Wmissing-top]

Build failed: 1 error, 1 warning
