name: controlling_constraints_with_constraint_mode_1
description: constraint_mode() test
should_fail_because: The constraint_mode() method is built-in and cannot be overridden.
tags: 18.8
type: simulation elaboration
files: <redacted-local-path>
incdirs: <redacted-local-path>
top_module: 
timeout: 30
should_fail: 1
defines: 
compatible-runners: all
unsynthesizable: 0
results_group: 
simvariants: 
mode: elaboration
rc: 5
tool_success: 0
runner: slang
runner_url: https://github.com/MikePopoloski/slang/tree/f357dec19224c828b7b5e97b79779980a075f70a
time_elapsed: 0.14243006706237793
user_time: 0.021627999999999998
system_time: 0.070172
ram_usage: 11648
date_completed: 2026-07-02 03:18:33

slang-driver --single-unit --timescale=1ns/1ns -I <redacted-local-path> -Wno-error=index-oob -Wno-error=range-oob -Wno-error=range-width-oob <redacted-local-path>
../../../tests/chapter-18/18.9--controlling-constraints-with-constraint_mode_1.sv:20:18: error: cannot override built-in method 'constraint_mode'
    function int constraint_mode();
                 ^
warning: no top-level modules found in design [-Wmissing-top]

Build failed: 1 error, 1 warning
