name: rsd
description: Full RSD core test
files: <redacted-local-path> <redacted-local-path> <redacted-local-path> <redacted-local-path> <redacted-local-path> <redacted-local-path> <redacted-local-path> <redacted-local-path> <redacted-local-path> <redacted-local-path> <redacted-local-path> <redacted-local-path> <redacted-local-path> <redacted-local-path> <redacted-local-path> <redacted-local-path> <redacted-local-path> <redacted-local-path> <redacted-local-path> <redacted-local-path> <redacted-local-path> <redacted-local-path> <redacted-local-path> <redacted-local-path> <redacted-local-path> <redacted-local-path> <redacted-local-path> <redacted-local-path> <redacted-local-path> <redacted-local-path> <redacted-local-path> <redacted-local-path> <redacted-local-path> <redacted-local-path> <redacted-local-path> <redacted-local-path> <redacted-local-path> <redacted-local-path> <redacted-local-path> <redacted-local-path> <redacted-local-path> <redacted-local-path> <redacted-local-path> <redacted-local-path> <redacted-local-path> <redacted-local-path> <redacted-local-path> <redacted-local-path> <redacted-local-path> <redacted-local-path> <redacted-local-path> <redacted-local-path> <redacted-local-path> <redacted-local-path> <redacted-local-path> <redacted-local-path> <redacted-local-path> <redacted-local-path> <redacted-local-path> <redacted-local-path> <redacted-local-path> <redacted-local-path> <redacted-local-path> <redacted-local-path> <redacted-local-path> <redacted-local-path> <redacted-local-path> <redacted-local-path> <redacted-local-path> <redacted-local-path> <redacted-local-path> <redacted-local-path> <redacted-local-path> <redacted-local-path> <redacted-local-path> <redacted-local-path> <redacted-local-path> <redacted-local-path> <redacted-local-path> <redacted-local-path> <redacted-local-path> <redacted-local-path> <redacted-local-path> <redacted-local-path> <redacted-local-path> <redacted-local-path> <redacted-local-path> <redacted-local-path> <redacted-local-path> <redacted-local-path> <redacted-local-path> <redacted-local-path> <redacted-local-path> <redacted-local-path> <redacted-local-path> <redacted-local-path> <redacted-local-path> <redacted-local-path> <redacted-local-path> <redacted-local-path> <redacted-local-path> <redacted-local-path> <redacted-local-path> <redacted-local-path> <redacted-local-path> <redacted-local-path> <redacted-local-path> <redacted-local-path> <redacted-local-path> <redacted-local-path> <redacted-local-path> <redacted-local-path> <redacted-local-path> <redacted-local-path> <redacted-local-path> <redacted-local-path> <redacted-local-path> <redacted-local-path> <redacted-local-path> <redacted-local-path> <redacted-local-path> <redacted-local-path> <redacted-local-path> <redacted-local-path> <redacted-local-path> <redacted-local-path> <redacted-local-path> <redacted-local-path> <redacted-local-path> <redacted-local-path> <redacted-local-path> <redacted-local-path> <redacted-local-path> <redacted-local-path> <redacted-local-path> <redacted-local-path> <redacted-local-path> <redacted-local-path> <redacted-local-path> <redacted-local-path> <redacted-local-path> <redacted-local-path> <redacted-local-path> <redacted-local-path> <redacted-local-path> <redacted-local-path> <redacted-local-path> <redacted-local-path> <redacted-local-path> <redacted-local-path> <redacted-local-path> <redacted-local-path>
incdirs: <redacted-local-path>
tags: rsd
top_module: Core
results_group: cores
timeout: 100
type: parsing elaboration
should_fail: 0
should_fail_because: 
defines: 
compatible-runners: all
unsynthesizable: 0
simvariants: 
mode: elaboration
rc: 0
tool_success: 1
runner: slang
runner_url: https://github.com/MikePopoloski/slang/tree/f357dec19224c828b7b5e97b79779980a075f70a
time_elapsed: 0.3321387767791748
user_time: 0.22961099999999998
system_time: 0.381385
ram_usage: 53744
date_completed: 2026-07-02 03:18:38

slang-driver --single-unit --timescale=1ns/1ns --top=Core -I <redacted-local-path> -Wno-error=index-oob -Wno-error=range-oob -Wno-error=range-width-oob <redacted-local-path> <redacted-local-path> <redacted-local-path> <redacted-local-path> <redacted-local-path> <redacted-local-path> <redacted-local-path> <redacted-local-path> <redacted-local-path> <redacted-local-path> <redacted-local-path> <redacted-local-path> <redacted-local-path> <redacted-local-path> <redacted-local-path> <redacted-local-path> <redacted-local-path> <redacted-local-path> <redacted-local-path> <redacted-local-path> <redacted-local-path> <redacted-local-path> <redacted-local-path> <redacted-local-path> <redacted-local-path> <redacted-local-path> <redacted-local-path> <redacted-local-path> <redacted-local-path> <redacted-local-path> <redacted-local-path> <redacted-local-path> <redacted-local-path> <redacted-local-path> <redacted-local-path> <redacted-local-path> <redacted-local-path> <redacted-local-path> <redacted-local-path> <redacted-local-path> <redacted-local-path> <redacted-local-path> <redacted-local-path> <redacted-local-path> <redacted-local-path> <redacted-local-path> <redacted-local-path> <redacted-local-path> <redacted-local-path> <redacted-local-path> <redacted-local-path> <redacted-local-path> <redacted-local-path> <redacted-local-path> <redacted-local-path> <redacted-local-path> <redacted-local-path> <redacted-local-path> <redacted-local-path> <redacted-local-path> <redacted-local-path> <redacted-local-path> <redacted-local-path> <redacted-local-path> <redacted-local-path> <redacted-local-path> <redacted-local-path> <redacted-local-path> <redacted-local-path> <redacted-local-path> <redacted-local-path> <redacted-local-path> <redacted-local-path> <redacted-local-path> <redacted-local-path> <redacted-local-path> <redacted-local-path> <redacted-local-path> <redacted-local-path> <redacted-local-path> <redacted-local-path> <redacted-local-path> <redacted-local-path> <redacted-local-path> <redacted-local-path> <redacted-local-path> <redacted-local-path> <redacted-local-path> <redacted-local-path> <redacted-local-path> <redacted-local-path> <redacted-local-path> <redacted-local-path> <redacted-local-path> <redacted-local-path> <redacted-local-path> <redacted-local-path> <redacted-local-path> <redacted-local-path> <redacted-local-path> <redacted-local-path> <redacted-local-path> <redacted-local-path> <redacted-local-path> <redacted-local-path> <redacted-local-path> <redacted-local-path> <redacted-local-path> <redacted-local-path> <redacted-local-path> <redacted-local-path> <redacted-local-path> <redacted-local-path> <redacted-local-path> <redacted-local-path> <redacted-local-path> <redacted-local-path> <redacted-local-path> <redacted-local-path> <redacted-local-path> <redacted-local-path> <redacted-local-path> <redacted-local-path> <redacted-local-path> <redacted-local-path> <redacted-local-path> <redacted-local-path> <redacted-local-path> <redacted-local-path> <redacted-local-path> <redacted-local-path> <redacted-local-path> <redacted-local-path> <redacted-local-path> <redacted-local-path> <redacted-local-path> <redacted-local-path> <redacted-local-path> <redacted-local-path> <redacted-local-path> <redacted-local-path> <redacted-local-path> <redacted-local-path> <redacted-local-path> <redacted-local-path> <redacted-local-path> <redacted-local-path> <redacted-local-path> <redacted-local-path> <redacted-local-path> <redacted-local-path> <redacted-local-path>
../../../third_party/cores/rsd/Processor/Src/Pipeline/ComplexIntegerBackEnd/ComplexIntegerRegisterWriteStage.sv:66:25: warning: implicit conversion from 'ComplexIssueQueueEntry' to 'IntIssueQueueEntry' [-Wimplicit-conv]
            iqData[i] = pipeReg[i].complexQueueData;
                      ~ ^~~~~~~~~~~~~~~~~~~~~~~~~~~
../../../third_party/cores/rsd/Processor/Src/LoadStoreUnit/LoadStoreUnit.sv:78:44: warning: implicit conversion from 'MemAccessSizeType' to 'MemAccessMode' [-Wimplicit-conv]
                loadMemAccessSizeReg[i] <= MEM_ACCESS_SIZE_BYTE;
                                        ~~ ^~~~~~~~~~~~~~~~~~~~
../../../third_party/cores/rsd/Processor/Src/Decoder/Decoder.sv:67:12: warning: implicit conversion from 'RISCV_ISF_Common' to 'RISCV_ISF_I' [-Wimplicit-conv]
    isfI = isf;
         ~ ^~~
../../../third_party/cores/rsd/Processor/Src/Decoder/Decoder.sv:313:12: warning: implicit conversion from 'RISCV_ISF_Common' to 'RISCV_ISF_U' [-Wimplicit-conv]
    isfU = isf;
         ~ ^~~
../../../third_party/cores/rsd/Processor/Src/Decoder/Decoder.sv:415:12: warning: implicit conversion from 'RISCV_ISF_Common' to 'RISCV_ISF_U' [-Wimplicit-conv]
    isfU = isf;
         ~ ^~~
../../../third_party/cores/rsd/Processor/Src/Decoder/Decoder.sv:447:49: warning: implicit conversion from 'RISCV_ISF_Common' to 'RISCV_ISF_J' [-Wimplicit-conv]
    opInfo.operand.brOp.brDisp = GetJAL_Target( isf );
                                                ^~~
../../../third_party/cores/rsd/Processor/Src/Decoder/Decoder.sv:504:12: warning: implicit conversion from 'RISCV_ISF_Common' to 'RISCV_ISF_I' [-Wimplicit-conv]
    isfI = isf;
         ~ ^~~
../../../third_party/cores/rsd/Processor/Src/Decoder/Decoder.sv:631:57: warning: implicit conversion from 'RISCV_ISF_R' to 'RISCV_ISF_B' [-Wimplicit-conv]
    opInfo.operand.brOp.brDisp = GetBranchDisplacement( isfR );
                                                        ^~~~
../../../third_party/cores/rsd/Processor/Src/Decoder/Decoder.sv:692:12: warning: implicit conversion from 'RISCV_ISF_Common' to 'RISCV_ISF_S' [-Wimplicit-conv]
    isfS = isf;
         ~ ^~~
../../../third_party/cores/rsd/Processor/Src/Decoder/Decoder.sv:693:12: warning: implicit conversion from 'RISCV_ISF_Common' to 'RISCV_ISF_I' [-Wimplicit-conv]
    isfI = isf;
         ~ ^~~
../../../third_party/cores/rsd/Processor/Src/Decoder/Decoder.sv:910:18: warning: implicit conversion from 'RISCV_ISF_Common' to 'RISCV_ISF_MISC_MEM' [-Wimplicit-conv]
    isfMiscMem = isf;
               ~ ^~~
../../../third_party/cores/rsd/Processor/Src/Decoder/Decoder.sv:1019:17: warning: implicit conversion from 'RISCV_ISF_Common' to 'RISCV_ISF_SYSTEM' [-Wimplicit-conv]
    isfSystem = isf;
              ~ ^~~
../../../third_party/cores/rsd/Processor/Src/Decoder/Decoder.sv:1110:17: warning: implicit conversion from 'RISCV_ISF_Common' to 'RISCV_ISF_SYSTEM' [-Wimplicit-conv]
    isfSystem = isf;
              ~ ^~~
../../../third_party/cores/rsd/Processor/Src/Decoder/Decoder.sv:1228:12: warning: implicit conversion from 'RISCV_ISF_Common' to 'RISCV_ISF_S' [-Wimplicit-conv]
    isfS = isf;
         ~ ^~~
../../../third_party/cores/rsd/Processor/Src/Decoder/Decoder.sv:1229:12: warning: implicit conversion from 'RISCV_ISF_Common' to 'RISCV_ISF_I' [-Wimplicit-conv]
    isfI = isf;
         ~ ^~~
../../../third_party/cores/rsd/Processor/Src/Decoder/Decoder.sv:1431:13: warning: implicit conversion from 'RISCV_ISF_Common' to 'RISCV_ISF_R4' [-Wimplicit-conv]
    isfR4 = isf;
          ~ ^~~
../../../third_party/cores/rsd/Processor/Src/Decoder/DecodedBranchResolver.sv:108:23: warning: implicit conversion from 'RISCV_ISF_Common' to 'RISCV_ISF_U' [-Wimplicit-conv]
            isfU[i] = isf[i];
                    ~ ^~~~~~
../../../third_party/cores/rsd/Processor/Src/Decoder/DecodedBranchResolver.sv:192:84: warning: implicit conversion from 'RISCV_ISF_U' to 'RISCV_ISF_J' [-Wimplicit-conv]
                    decodedPC[i] = pc[i] + ExtendBranchDisplacement( GetJAL_Target(isfU[i]));
                                                                                   ^~~~~~~
../../../third_party/cores/rsd/Processor/Src/Decoder/DecodedBranchResolver.sv:195:92: warning: implicit conversion from 'RISCV_ISF_U' to 'RISCV_ISF_B' [-Wimplicit-conv]
                    decodedPC[i] = pc[i] + ExtendBranchDisplacement( GetBranchDisplacement(isfU[i]));
                                                                                           ^~~~~~~
../../../third_party/cores/rsd/Processor/Src/Privileged/CSR_Unit.sv:130:39: warning: implicit conversion from 'CSR_ValuePath' to 'CSR_MSTATUS_Path' [-Wimplicit-conv]
                    csrNext.mstatus = wv;
                                    ~ ^~
../../../third_party/cores/rsd/Processor/Src/Privileged/CSR_Unit.sv:143:35: warning: implicit conversion from 'CSR_ValuePath' to 'CSR_MIE_Path' [-Wimplicit-conv]
                    csrNext.mie = wv;
                                ~ ^~
../../../third_party/cores/rsd/Processor/Src/Privileged/CSR_Unit.sv:146:54: warning: implicit conversion from 'CSR_ValuePath' to 'CSR_CAUSE_Path' [-Wimplicit-conv]
                CSR_NUM_MCAUSE:     csrNext.mcause = wv;
                                                   ~ ^~
../../../third_party/cores/rsd/Processor/Src/Privileged/CSR_Unit.sv:147:53: warning: implicit conversion from 'CSR_ValuePath' to 'CSR_MTVEC_Path' [-Wimplicit-conv]
                CSR_NUM_MTVEC:      csrNext.mtvec = wv;
                                                  ~ ^~
../../../third_party/cores/rsd/Processor/Src/Privileged/CSR_Unit.sv:157:59: warning: implicit conversion from 'CSR_ValuePath' to 'FFlags_Path' [-Wimplicit-conv]
                CSR_NUM_FFLAGS:     csrNext.fcsr.fflags = wv;
                                                        ~ ^~
../../../third_party/cores/rsd/Processor/Src/Privileged/CSR_Unit.sv:159:52: warning: implicit conversion from 'FFlags_Path' to 'CSR_FCSR_Path' [-Wimplicit-conv]
                CSR_NUM_FCSR:       csrNext.fcsr = FFlags_Path'(wv);
                                                 ~ ^~~~~~~~~~~~~~~~
Top level design units:
    Core


Build succeeded: 0 errors, 25 warnings
