name: 22.3--resetall_illegal
description: It shall be illegal for the `resetall directive to be specified within a design element.
should_fail_because: It shall be illegal for the `resetall directive to be specified within a design element.
tags: 22.3
type: preprocessing parsing
files: <redacted-local-path>
incdirs: <redacted-local-path>
top_module: 
timeout: 30
should_fail: 1
defines: 
compatible-runners: all
unsynthesizable: 0
results_group: 
simvariants: 
mode: parsing
rc: 5
tool_success: 0
runner: slang
runner_url: https://github.com/MikePopoloski/slang/tree/f357dec19224c828b7b5e97b79779980a075f70a
time_elapsed: 0.0042650699615478516
user_time: 0.0009839999999999998
system_time: 0.005118
ram_usage: 13440
date_completed: 2026-07-02 03:18:31

slang-driver --parse-only --single-unit --timescale=1ns/1ns -I <redacted-local-path> -Wno-error=index-oob -Wno-error=range-oob -Wno-error=range-width-oob <redacted-local-path>
../../../tests/chapter-22/22.3--resetall_illegal.sv:19:1: error: directive is not allowed inside a design element
`resetall
^~~~~~~~~
