name: 22.5.1--define_expansion_21
description: Test
should_fail_because: text specified for macro text shall not be split across string literals
tags: 22.5.1
type: preprocessing
files: <redacted-local-path>
incdirs: <redacted-local-path>
top_module: 
timeout: 30
should_fail: 1
defines: 
compatible-runners: all
unsynthesizable: 0
results_group: 
simvariants: 
mode: preprocessing
rc: 5
tool_success: 0
runner: slang
runner_url: https://github.com/MikePopoloski/slang/tree/f357dec19224c828b7b5e97b79779980a075f70a
time_elapsed: 0.0038115978240966797
user_time: 0.002925
system_time: 0.002925
ram_usage: 13440
date_completed: 2026-07-02 03:18:31

slang-driver -E --single-unit --timescale=1ns/1ns -I <redacted-local-path> -Wno-error=index-oob -Wno-error=range-oob -Wno-error=range-width-oob <redacted-local-path>
../../../tests/chapter-22/22.5.1--define-expansion_21.sv:17:36: error: missing closing quote
`define first_half "start of string
                                   ^
../../../tests/chapter-22/22.5.1--define-expansion_21.sv:19:46: error: missing closing quote
initial $display(`first_half end of string");
                                             ^
