name: 22.5.1--define_expansion_8
description: Test
should_fail_because: It shall be an error to specify more actual arguments than the number of formal arguments.
tags: 22.5.1
type: preprocessing
files: <redacted-local-path>
incdirs: <redacted-local-path>
top_module: 
timeout: 30
should_fail: 1
defines: 
compatible-runners: all
unsynthesizable: 0
results_group: 
simvariants: 
mode: preprocessing
rc: 5
tool_success: 0
runner: slang
runner_url: https://github.com/MikePopoloski/slang/tree/f357dec19224c828b7b5e97b79779980a075f70a
time_elapsed: 0.004048585891723633
user_time: 0.0
system_time: 0.0066489999999999995
ram_usage: 13440
date_completed: 2026-07-02 03:18:31

slang-driver -E --single-unit --timescale=1ns/1ns -I <redacted-local-path> -Wno-error=index-oob -Wno-error=range-oob -Wno-error=range-width-oob <redacted-local-path>
../../../tests/chapter-22/22.5.1--define-expansion_8.sv:18:3: error: too many arguments provided to function-like macro
`D(,,)
  ^
