name: 22.5.1--define_expansion_6
description: Test
should_fail_because: If fewer actual arguments are specified than the number of formal arguments and all the remaining formal arguments have defaults, then the defaults are substituted for the additional formal arguments. It shall be an error if any of the remaining formal arguments does not have a default specified.
tags: 22.5.1
type: preprocessing
files: <redacted-local-path>
incdirs: <redacted-local-path>
top_module: 
timeout: 30
should_fail: 1
defines: 
compatible-runners: all
unsynthesizable: 0
results_group: 
simvariants: 
mode: preprocessing
rc: 5
tool_success: 0
runner: slang
runner_url: https://github.com/MikePopoloski/slang/tree/f357dec19224c828b7b5e97b79779980a075f70a
time_elapsed: 0.004439592361450195
user_time: 0.002264
system_time: 0.004286
ram_usage: 13440
date_completed: 2026-07-02 03:18:31

slang-driver -E --single-unit --timescale=1ns/1ns -I <redacted-local-path> -Wno-error=index-oob -Wno-error=range-oob -Wno-error=range-width-oob <redacted-local-path>
../../../tests/chapter-22/22.5.1--define-expansion_6.sv:19:10: error: not enough arguments provided to function-like macro
`D("msg1")
         ^
