name: 22.7--timescale-module
description: Test
tags: 22.7
type: preprocessing
unsynthesizable: 1
files: <redacted-local-path>
incdirs: <redacted-local-path>
top_module: 
timeout: 30
should_fail: 0
should_fail_because: 
defines: 
compatible-runners: all
results_group: 
simvariants: 
mode: preprocessing
rc: 0
tool_success: 1
runner: slang
runner_url: https://github.com/MikePopoloski/slang/tree/f357dec19224c828b7b5e97b79779980a075f70a
time_elapsed: 0.0043087005615234375
user_time: 0.002
system_time: 0.0047079999999999995
ram_usage: 13440
date_completed: 2026-07-02 03:18:31

slang-driver -E --single-unit --timescale=1ns/1ns -I <redacted-local-path> -Wno-error=index-oob -Wno-error=range-oob -Wno-error=range-width-oob <redacted-local-path>

module test;
	logic set;
	parameter d = 1.55;
	initial begin
		#d set = 0;
		#d set = 1;
	end
endmodule

