name: 22.7--timescale-basic-3
description: Test
should_fail_because: The integers in `timescale arguments specify an order of magnitude for the size of the value; the valid integers are 1, 10, and 100
tags: 22.7
type: simulation elaboration
files: <redacted-local-path>
incdirs: <redacted-local-path>
top_module: 
timeout: 30
should_fail: 1
defines: 
compatible-runners: all
unsynthesizable: 0
results_group: 
simvariants: 
mode: elaboration
rc: 5
tool_success: 0
runner: slang
runner_url: https://github.com/MikePopoloski/slang/tree/f357dec19224c828b7b5e97b79779980a075f70a
time_elapsed: 0.06797599792480469
user_time: 0.020043
system_time: 0.129987
ram_usage: 13440
date_completed: 2026-07-02 03:18:31

slang-driver --single-unit --timescale=1ns/1ns -I <redacted-local-path> -Wno-error=index-oob -Wno-error=range-oob -Wno-error=range-width-oob <redacted-local-path>
../../../tests/chapter-22/22.7--timescale-basic-3.sv:17:12: error: time scale must have a value of 1, 10, or 100
`timescale 9 ns / 1 ps
           ^~~~
warning: no top-level modules found in design [-Wmissing-top]

Build failed: 1 error, 1 warning
