name: 22.9--unconnected_drive-invalid-2
description: Test unconnected drive macro with argument other than pull0 and pull1
should_fail_because: The directive `unconnected_drive takes one of two arguments - pull1 or pull0 
tags: 22.9
type: simulation elaboration
files: <redacted-local-path>
incdirs: <redacted-local-path>
top_module: 
timeout: 30
should_fail: 1
defines: 
compatible-runners: all
unsynthesizable: 0
results_group: 
simvariants: 
mode: elaboration
rc: 5
tool_success: 0
runner: slang
runner_url: https://github.com/MikePopoloski/slang/tree/f357dec19224c828b7b5e97b79779980a075f70a
time_elapsed: 0.06975007057189941
user_time: 0.027868
system_time: 0.114689
ram_usage: 13440
date_completed: 2026-07-02 03:18:31

slang-driver --single-unit --timescale=1ns/1ns -I <redacted-local-path> -Wno-error=index-oob -Wno-error=range-oob -Wno-error=range-width-oob <redacted-local-path>
../../../tests/chapter-22/22.9--unconnected_drive-invalid-2.sv:17:19: error: expected pull1 or pull0 strength
`unconnected_drive pull2
                  ^
../../../tests/chapter-22/22.9--unconnected_drive-invalid-2.sv:17:25: error: expected a declaration name
`unconnected_drive pull2
                        ^
warning: no top-level modules found in design [-Wmissing-top]

Build failed: 2 errors, 1 warning
