name: dummy_include
description: Utility for testing `include directive
type: preprocessing
tags: 22.4
files: <redacted-local-path>
incdirs: <redacted-local-path>
top_module: 
timeout: 30
should_fail: 0
should_fail_because: 
defines: 
compatible-runners: all
unsynthesizable: 0
results_group: 
simvariants: 
mode: preprocessing
rc: 0
tool_success: 1
runner: slang
runner_url: https://github.com/MikePopoloski/slang/tree/f357dec19224c828b7b5e97b79779980a075f70a
time_elapsed: 0.0053827762603759766
user_time: 0.0028339999999999997
system_time: 0.0046749999999999995
ram_usage: 13440
date_completed: 2026-07-02 03:18:31

slang-driver -E --single-unit --timescale=1ns/1ns -I <redacted-local-path> -Wno-error=index-oob -Wno-error=range-oob -Wno-error=range-width-oob <redacted-local-path>


