name: errors_syntax_err02
description: Tests imported from yosys
files: <redacted-local-path> <redacted-local-path>
incdirs: <redacted-local-path>
tags: yosys
should_fail_because: this test imported from yosys repository contains intentional syntax error
results_group: imported
top_module: 
timeout: 30
type: parsing elaboration
should_fail: 1
defines: 
compatible-runners: all
unsynthesizable: 0
simvariants: 
mode: elaboration
rc: 5
tool_success: 0
runner: slang
runner_url: https://github.com/MikePopoloski/slang/tree/f357dec19224c828b7b5e97b79779980a075f70a
time_elapsed: 0.11442017555236816
user_time: 0.027857
system_time: 0.11057099999999999
ram_usage: 13440
date_completed: 2026-07-02 03:18:48

slang-driver --single-unit --timescale=1ns/1ns -I <redacted-local-path> -Wno-error=index-oob -Wno-error=range-oob -Wno-error=range-width-oob <redacted-local-path> <redacted-local-path>
../../../third_party/tools/yosys/tests/errors/syntax_err02.v:3:17: error: packed dimensions not allowed on predefined integer type 'integer'
  input integer [3:0]x
                ^
Top level design units:
    a


Build failed: 1 error, 0 warnings
