name: errors_syntax_err04
description: Tests imported from yosys
files: <redacted-local-path> <redacted-local-path>
incdirs: <redacted-local-path>
tags: yosys
should_fail_because: this test imported from yosys repository contains intentional syntax error
results_group: imported
top_module: 
timeout: 30
type: parsing elaboration
should_fail: 1
defines: 
compatible-runners: all
unsynthesizable: 0
simvariants: 
mode: elaboration
rc: 5
tool_success: 0
runner: slang
runner_url: https://github.com/MikePopoloski/slang/tree/f357dec19224c828b7b5e97b79779980a075f70a
time_elapsed: 0.05150294303894043
user_time: 0.024631999999999998
system_time: 0.09956999999999999
ram_usage: 13440
date_completed: 2026-07-02 03:18:48

slang-driver --single-unit --timescale=1ns/1ns -I <redacted-local-path> -Wno-error=index-oob -Wno-error=range-oob -Wno-error=range-width-oob <redacted-local-path> <redacted-local-path>
../../../third_party/tools/yosys/tests/errors/syntax_err04.v:2:7: error: packed dimensions require a full range specification
wire [3]x;
      ^
Top level design units:
    a


Build failed: 1 error, 0 warnings
