name: errors_syntax_err03
description: Tests imported from yosys
files: <redacted-local-path> <redacted-local-path>
incdirs: <redacted-local-path>
tags: yosys
should_fail_because: this test imported from yosys repository contains intentional syntax error
results_group: imported
top_module: 
timeout: 30
type: parsing elaboration
should_fail: 1
defines: 
compatible-runners: all
unsynthesizable: 0
simvariants: 
mode: elaboration
rc: 5
tool_success: 0
runner: slang
runner_url: https://github.com/MikePopoloski/slang/tree/f357dec19224c828b7b5e97b79779980a075f70a
time_elapsed: 0.1150813102722168
user_time: 0.017079
system_time: 0.10961499999999999
ram_usage: 13440
date_completed: 2026-07-02 03:18:47

slang-driver --single-unit --timescale=1ns/1ns -I <redacted-local-path> -Wno-error=index-oob -Wno-error=range-oob -Wno-error=range-width-oob <redacted-local-path> <redacted-local-path>
../../../third_party/tools/yosys/tests/errors/syntax_err03.v:3:10: error: packed dimensions require a full range specification
  input [3]x
         ^
Top level design units:
    a


Build failed: 1 error, 0 warnings
