name: simple_specify
description: Tests imported from yosys
files: <redacted-local-path> <redacted-local-path>
incdirs: <redacted-local-path>
tags: yosys
results_group: imported
top_module: 
timeout: 30
type: parsing elaboration
should_fail: 0
should_fail_because: 
defines: 
compatible-runners: all
unsynthesizable: 0
simvariants: 
mode: elaboration
rc: 0
tool_success: 1
runner: slang
runner_url: https://github.com/MikePopoloski/slang/tree/f357dec19224c828b7b5e97b79779980a075f70a
time_elapsed: 0.08700346946716309
user_time: 0.023372999999999998
system_time: 0.088888
ram_usage: 13440
date_completed: 2026-07-02 03:18:48

slang-driver --single-unit --timescale=1ns/1ns -I <redacted-local-path> -Wno-error=index-oob -Wno-error=range-oob -Wno-error=range-width-oob <redacted-local-path> <redacted-local-path>
../../../third_party/tools/yosys/tests/simple/specify.v:10:2: warning: duplicate timing path [-Wdup-timing-path]
(A- => B) = ( 1,2 ) ;
 ^     ~
../../../third_party/tools/yosys/tests/simple/specify.v:9:2: note: previous definition here
(A => B) = ( 1 ) ;
 ^    ~
../../../third_party/tools/yosys/tests/simple/specify.v:11:2: warning: duplicate timing path [-Wdup-timing-path]
(A+ => B) = ( 1,2,3 ) ;
 ^     ~
../../../third_party/tools/yosys/tests/simple/specify.v:9:2: note: previous definition here
(A => B) = ( 1 ) ;
 ^    ~
../../../third_party/tools/yosys/tests/simple/specify.v:12:2: warning: duplicate timing path [-Wdup-timing-path]
(A => B) = (
 ^    ~
../../../third_party/tools/yosys/tests/simple/specify.v:9:2: note: previous definition here
(A => B) = ( 1 ) ;
 ^    ~
../../../third_party/tools/yosys/tests/simple/specify.v:16:2: warning: duplicate timing path [-Wdup-timing-path]
(A => B) = (
 ^    ~
../../../third_party/tools/yosys/tests/simple/specify.v:9:2: note: previous definition here
(A => B) = ( 1 ) ;
 ^    ~
Top level design units:
    test_specify


Build succeeded: 0 errors, 4 warnings
