name: simple_multiplier
description: Tests imported from yosys
files: <redacted-local-path> <redacted-local-path>
incdirs: <redacted-local-path>
tags: yosys
results_group: imported
top_module: 
timeout: 30
type: parsing elaboration
should_fail: 0
should_fail_because: 
defines: 
compatible-runners: all
unsynthesizable: 0
simvariants: 
mode: elaboration
rc: 0
tool_success: 1
runner: slang
runner_url: https://github.com/MikePopoloski/slang/tree/f357dec19224c828b7b5e97b79779980a075f70a
time_elapsed: 0.13175392150878906
user_time: 0.022024
system_time: 0.124805
ram_usage: 13440
date_completed: 2026-07-02 03:18:47

slang-driver --single-unit --timescale=1ns/1ns -I <redacted-local-path> -Wno-error=index-oob -Wno-error=range-oob -Wno-error=range-width-oob <redacted-local-path> <redacted-local-path>
Top level design units:
    Multiplier_2D
    Multiplier_flat

Build succeeded: 0 errors, 0 warnings
