name: abstract_class_inst
description: instantiating abstract class
should_fail_because: instantiating abstract class
tags: 8.21
type: simulation elaboration
unsynthesizable: 1
files: <redacted-local-path>
incdirs: <redacted-local-path>
top_module: 
timeout: 30
should_fail: 1
defines: 
compatible-runners: all
results_group: 
simvariants: 
mode: elaboration
rc: 5
tool_success: 0
runner: slang
runner_url: https://github.com/MikePopoloski/slang/tree/f357dec19224c828b7b5e97b79779980a075f70a
time_elapsed: 0.08606553077697754
user_time: 0.019635
system_time: 0.091956
ram_usage: 13440
date_completed: 2026-07-02 03:18:32

slang-driver --single-unit --timescale=1ns/1ns -I <redacted-local-path> -Wno-error=index-oob -Wno-error=range-oob -Wno-error=range-width-oob <redacted-local-path>
../../../tests/chapter-8/8.21--abstract_class_inst.sv:33:28: error: cannot create instance of virtual class 'base_cls'
                test_obj = new;
                           ^~~
Top level design units:
    class_tb


Build failed: 1 error, 0 warnings
