name: dynamic_method_lookup
description: dynamic method selection with abstract base class
tags: 8.22
unsynthesizable: 1
files: <redacted-local-path>
incdirs: <redacted-local-path>
top_module: 
timeout: 30
type: parsing elaboration
should_fail: 0
should_fail_because: 
defines: 
compatible-runners: all
results_group: 
simvariants: 
mode: elaboration
rc: 0
tool_success: 1
runner: slang
runner_url: https://github.com/MikePopoloski/slang/tree/f357dec19224c828b7b5e97b79779980a075f70a
time_elapsed: 0.10601544380187988
user_time: 0.018799
system_time: 0.096797
ram_usage: 13440
date_completed: 2026-07-02 03:18:32

slang-driver --single-unit --timescale=1ns/1ns -I <redacted-local-path> -Wno-error=index-oob -Wno-error=range-oob -Wno-error=range-width-oob <redacted-local-path>
Top level design units:
    class_tb

Build succeeded: 0 errors, 0 warnings
