name: parametrized_class_invalid_scope_resolution
description: parametrized class invalid scope resolution
should_fail_because: parametrized class invalid scope resolution
tags: 8.25.1
type: simulation elaboration
unsynthesizable: 1
files: <redacted-local-path>
incdirs: <redacted-local-path>
top_module: 
timeout: 30
should_fail: 1
defines: 
compatible-runners: all
results_group: 
simvariants: 
mode: elaboration
rc: 5
tool_success: 0
runner: slang
runner_url: https://github.com/MikePopoloski/slang/tree/f357dec19224c828b7b5e97b79779980a075f70a
time_elapsed: 0.09816598892211914
user_time: 0.025109
system_time: 0.092828
ram_usage: 11648
date_completed: 2026-07-02 03:18:32

slang-driver --single-unit --timescale=1ns/1ns -I <redacted-local-path> -Wno-error=index-oob -Wno-error=range-oob -Wno-error=range-width-oob <redacted-local-path>
../../../tests/chapter-8/8.25.1--parametrized_class_invalid_scope_resolution.sv:29:26: error: cannot refer to generic class with '::' without providing parameter assignments
                $display(par_cls::b);
                         ^~~~~~~
Top level design units:
    class_tb


Build failed: 1 error, 0 warnings
