name: illegal_forward_def_implements
description: implementing forward typedef for an interface class should fail
should_fail_because: implementing forward typedef for an interface class should fail
tags: 8.26.4
type: simulation elaboration
unsynthesizable: 1
files: <redacted-local-path>
incdirs: <redacted-local-path>
top_module: 
timeout: 30
should_fail: 1
defines: 
compatible-runners: all
results_group: 
simvariants: 
mode: elaboration
rc: 5
tool_success: 0
runner: slang
runner_url: https://github.com/MikePopoloski/slang/tree/f357dec19224c828b7b5e97b79779980a075f70a
time_elapsed: 0.08561158180236816
user_time: 0.010622
system_time: 0.0839
ram_usage: 13440
date_completed: 2026-07-02 03:18:32

slang-driver --single-unit --timescale=1ns/1ns -I <redacted-local-path> -Wno-error=index-oob -Wno-error=range-oob -Wno-error=range-width-oob <redacted-local-path>
../../../tests/chapter-8/8.26.4--illegal_forward_def_implements.sv:21:32: error: cannot extend or implement an incomplete forward typedef
        class Hello implements ihello;
                               ^~~~~~
../../../tests/chapter-8/8.26.4--illegal_forward_def_implements.sv:22:53: error: cannot resolve scoped class member via incomplete forward typedef
                virtual function void hello(ihello::int_t val);
                                                    ^~~~~
../../../tests/chapter-8/8.26.4--illegal_forward_def_implements.sv:36:17: error: too few arguments for 'hello'; expected 1 but 0 were provided
                obj.hello();
                ^~~~~~~~~
Top level design units:
    class_tb


Build failed: 3 errors, 0 warnings
