name: name_conflict_unresolved
description: unresolved interface class method name conflict
should_fail_because: unresolved interface class method name conflict
tags: 8.26.6.1
type: simulation elaboration
unsynthesizable: 1
files: <redacted-local-path>
incdirs: <redacted-local-path>
top_module: 
timeout: 30
should_fail: 1
defines: 
compatible-runners: all
results_group: 
simvariants: 
mode: elaboration
rc: 5
tool_success: 0
runner: slang
runner_url: https://github.com/MikePopoloski/slang/tree/f357dec19224c828b7b5e97b79779980a075f70a
time_elapsed: 0.09543704986572266
user_time: 0.025852999999999998
system_time: 0.128734
ram_usage: 11648
date_completed: 2026-07-02 03:18:32

slang-driver --single-unit --timescale=1ns/1ns -I <redacted-local-path> -Wno-error=index-oob -Wno-error=range-oob -Wno-error=range-width-oob <redacted-local-path>
../../../tests/chapter-8/8.26.6.1--name_conflict_unresolved.sv:28:34: error: return type 'void' of virtual method 'hello' does not match 'int' declared in its superclass
                virtual function void hello();
                                 ^~~~
../../../tests/chapter-8/8.26.6.1--name_conflict_unresolved.sv:24:43: note: declared here
                pure virtual function int hello();
                                          ^
Top level design units:
    class_tb


Build failed: 1 error, 0 warnings
