name: parameter_type_conflict_unresolved
description: superclass type declaration conflicts must be resolved in subclass
should_fail_because: superclass type declaration conflicts must be resolved in subclass
tags: 8.26.6.2
type: simulation elaboration
files: <redacted-local-path>
incdirs: <redacted-local-path>
top_module: 
timeout: 30
should_fail: 1
defines: 
compatible-runners: all
unsynthesizable: 0
results_group: 
simvariants: 
mode: elaboration
rc: 5
tool_success: 0
runner: slang
runner_url: https://github.com/MikePopoloski/slang/tree/f357dec19224c828b7b5e97b79779980a075f70a
time_elapsed: 0.09035873413085938
user_time: 0.030226
system_time: 0.08355399999999999
ram_usage: 13440
date_completed: 2026-07-02 03:18:32

slang-driver --single-unit --timescale=1ns/1ns -I <redacted-local-path> -Wno-error=index-oob -Wno-error=range-oob -Wno-error=range-width-oob <redacted-local-path>
../../../tests/chapter-8/8.26.6.2--parameter_type_conflict_unresolved.sv:26:69: error: 'T' in 'ic2' conflicts with another member already inherited from 'ic1'
        interface class ic3#(type TYPE = logic) extends ic1#(TYPE), ic2#(TYPE);
                                                                    ^~~~~~~~~~
../../../tests/chapter-8/8.26.6.2--parameter_type_conflict_unresolved.sv:22:35: note: declared here
        interface class ic2#(type T = logic);
                                  ^
../../../tests/chapter-8/8.26.6.2--parameter_type_conflict_unresolved.sv:18:35: note: declared here
        interface class ic1#(type T = logic);
                                  ^
Top level design units:
    class_tb


Build failed: 1 error, 0 warnings
