name: interface_instantiation
description: instantiating an interface class
should_fail_because: instantiating an interface class
tags: 8.26.5
type: simulation elaboration
unsynthesizable: 1
files: <redacted-local-path>
incdirs: <redacted-local-path>
top_module: 
timeout: 30
should_fail: 1
defines: 
compatible-runners: all
results_group: 
simvariants: 
mode: elaboration
rc: 5
tool_success: 0
runner: slang
runner_url: https://github.com/MikePopoloski/slang/tree/f357dec19224c828b7b5e97b79779980a075f70a
time_elapsed: 0.11461067199707031
user_time: 0.021044999999999998
system_time: 0.10438
ram_usage: 11648
date_completed: 2026-07-02 03:18:32

slang-driver --single-unit --timescale=1ns/1ns -I <redacted-local-path> -Wno-error=index-oob -Wno-error=range-oob -Wno-error=range-width-oob <redacted-local-path>
../../../tests/chapter-8/8.26.5--invalid_interface_instantiation.sv:26:23: error: cannot create instance of interface class 'ihello'
                obj = new;
                      ^~~
Top level design units:
    class_tb


Build failed: 1 error, 0 warnings
