name: uvm_sequencer_2
description: uvm_sequencer class test
tags: uvm uvm-classes
type: parsing
timeout: 300
files: <redacted-local-path> <redacted-local-path>
incdirs: <redacted-local-path> <redacted-local-path>
top_module: 
should_fail: 0
should_fail_because: 
defines: 
compatible-runners: all
unsynthesizable: 0
results_group: 
simvariants: 
mode: parsing
rc: 0
tool_success: 1
runner: slang
runner_url: https://github.com/MikePopoloski/slang/tree/f357dec19224c828b7b5e97b79779980a075f70a
time_elapsed: 0.1426105499267578
user_time: 0.070656
system_time: 0.071604
ram_usage: 54656
date_completed: 2026-07-02 03:18:35

slang-driver --parse-only --single-unit --timescale=1ns/1ns -I <redacted-local-path> -I <redacted-local-path> -Wno-error=index-oob -Wno-error=range-oob -Wno-error=range-width-oob <redacted-local-path> <redacted-local-path>
in file included from ../../../third_party/tests/uvm/src/uvm_pkg.sv:57:
in file included from ../../../third_party/tests/uvm/src/base/uvm_base.svh:77:
../../../third_party/tests/uvm/src/base/uvm_config_db_implementation.svh:375:26: warning: unknown character escape sequence '\.' [-Wunknown-escape-code]
            separator = "\.(" ;
                         ^
