name: real_idx
description: real indexing tests
should_fail_because: it is illegal to do bit select on real data type
tags: 6.12
type: simulation elaboration
unsynthesizable: 1
files: <redacted-local-path>
incdirs: <redacted-local-path>
top_module: 
timeout: 30
should_fail: 1
defines: 
compatible-runners: all
results_group: 
simvariants: 
mode: elaboration
rc: 5
tool_success: 0
runner: slang
runner_url: https://github.com/MikePopoloski/slang/tree/f357dec19224c828b7b5e97b79779980a075f70a
time_elapsed: 0.0870969295501709
user_time: 0.027049999999999998
system_time: 0.084519
ram_usage: 12544
date_completed: 2026-07-02 03:18:37

slang-driver --single-unit --timescale=1ns/1ns -I <redacted-local-path> -Wno-error=index-oob -Wno-error=range-oob -Wno-error=range-width-oob <redacted-local-path>
../../../tests/chapter-6/6.12--real_bit_select.sv:22:22: error: value of type 'real' cannot be indexed
        assign b = a[2];
                   ~~^~
Top level design units:
    top


Build failed: 1 error, 0 warnings
