name: enum_xx_inv
description: invalid enum with x tests
should_fail_because: An enumerated name with x or z assignments assigned to an enum with no explicit data type or an explicit2-state declaration shall be a syntax error
tags: 6.19
type: simulation elaboration
files: <redacted-local-path>
incdirs: <redacted-local-path>
top_module: 
timeout: 30
should_fail: 1
defines: 
compatible-runners: all
unsynthesizable: 0
results_group: 
simvariants: 
mode: elaboration
rc: 5
tool_success: 0
runner: slang
runner_url: https://github.com/MikePopoloski/slang/tree/f357dec19224c828b7b5e97b79779980a075f70a
time_elapsed: 0.10529518127441406
user_time: 0.013645
system_time: 0.099503
ram_usage: 13440
date_completed: 2026-07-02 03:18:37

slang-driver --single-unit --timescale=1ns/1ns -I <redacted-local-path> -Wno-error=index-oob -Wno-error=range-oob -Wno-error=range-width-oob <redacted-local-path>
../../../tests/chapter-6/6.19--enum_xx_inv.sv:18:32: error: value of 2'bxx is invalid for enum with base type 'bit[1:0]'
        enum bit [1:0] {a=0, b=2'bxx, c=1} val;
                               ^~~~~
Top level design units:
    top


Build failed: 1 error, 0 warnings
