name: enum_xx_inv_order
description: unassigned name following enum with x tests
should_fail_because: An unassigned enumerated name that follows an enum name with x or z assignments shall be a syntax error.
tags: 6.19
type: simulation elaboration
files: <redacted-local-path>
incdirs: <redacted-local-path>
top_module: 
timeout: 30
should_fail: 1
defines: 
compatible-runners: all
unsynthesizable: 0
results_group: 
simvariants: 
mode: elaboration
rc: 5
tool_success: 0
runner: slang
runner_url: https://github.com/MikePopoloski/slang/tree/f357dec19224c828b7b5e97b79779980a075f70a
time_elapsed: 0.07901835441589355
user_time: 0.014577999999999999
system_time: 0.081172
ram_usage: 11648
date_completed: 2026-07-02 03:18:37

slang-driver --single-unit --timescale=1ns/1ns -I <redacted-local-path> -Wno-error=index-oob -Wno-error=range-oob -Wno-error=range-width-oob <redacted-local-path>
../../../tests/chapter-6/6.19--enum_xx_inv_order.sv:18:42: error: cannot increment previous value 32'sbxxxxxxxxxxxxxxxxxxxxxxxxxxxxxxxx because it has unknown bits
        enum integer {a=0, b={32{1'bx}}, c} val;
                             ~~~~~~~~~~  ^
Top level design units:
    top


Build failed: 1 error, 0 warnings
