name: enum_numerical_expr_no_cast
description: enum numerical expression without casting
should_fail_because: enum numerical expression without casting
tags: 6.19.4
type: simulation elaboration
files: <redacted-local-path>
incdirs: <redacted-local-path>
top_module: 
timeout: 30
should_fail: 1
defines: 
compatible-runners: all
unsynthesizable: 0
results_group: 
simvariants: 
mode: elaboration
rc: 5
tool_success: 0
runner: slang
runner_url: https://github.com/MikePopoloski/slang/tree/f357dec19224c828b7b5e97b79779980a075f70a
time_elapsed: 0.09577131271362305
user_time: 0.018338999999999998
system_time: 0.080153
ram_usage: 12544
date_completed: 2026-07-02 03:18:37

slang-driver --single-unit --timescale=1ns/1ns -I <redacted-local-path> -Wno-error=index-oob -Wno-error=range-oob -Wno-error=range-width-oob <redacted-local-path>
../../../tests/chapter-6/6.19.4--enum_numerical_expr_no_cast.sv:23:21: error: no implicit conversion from 'int' to 'e'; explicit conversion exists, are you missing a cast?
                val += 1;
                ~~~~^~~~
Top level design units:
    top


Build failed: 1 error, 0 warnings
