name: enum_type_checking_inv
description: invalid enum assignment tests
should_fail_because: enum enforces strict type checking rules
tags: 6.19.3
type: simulation elaboration
files: <redacted-local-path>
incdirs: <redacted-local-path>
top_module: 
timeout: 30
should_fail: 1
defines: 
compatible-runners: all
unsynthesizable: 0
results_group: 
simvariants: 
mode: elaboration
rc: 5
tool_success: 0
runner: slang
runner_url: https://github.com/MikePopoloski/slang/tree/f357dec19224c828b7b5e97b79779980a075f70a
time_elapsed: 0.07886838912963867
user_time: 0.019334999999999998
system_time: 0.10069299999999999
ram_usage: 13440
date_completed: 2026-07-02 03:18:37

slang-driver --single-unit --timescale=1ns/1ns -I <redacted-local-path> -Wno-error=index-oob -Wno-error=range-oob -Wno-error=range-width-oob <redacted-local-path>
../../../tests/chapter-6/6.19.3--enum_type_checking_inv.sv:22:21: error: no implicit conversion from 'int' to 'e'; explicit conversion exists, are you missing a cast?
                val = 1;
                ~~~ ^ ~
Top level design units:
    top


Build failed: 1 error, 0 warnings
