name: variable_multiple_assignments
description: Variable multiple assignments tests
should_fail_because: it shall be an error to have multiple continuous assignments
tags: 6.5
type: simulation elaboration
files: <redacted-local-path>
incdirs: <redacted-local-path>
top_module: 
timeout: 30
should_fail: 1
defines: 
compatible-runners: all
unsynthesizable: 0
results_group: 
simvariants: 
mode: elaboration
rc: 5
tool_success: 0
runner: slang
runner_url: https://github.com/MikePopoloski/slang/tree/f357dec19224c828b7b5e97b79779980a075f70a
time_elapsed: 0.10162734985351562
user_time: 0.022397999999999998
system_time: 0.1054
ram_usage: 13440
date_completed: 2026-07-02 03:18:37

slang-driver --single-unit --timescale=1ns/1ns -I <redacted-local-path> -Wno-error=index-oob -Wno-error=range-oob -Wno-error=range-width-oob <redacted-local-path>
../../../tests/chapter-6/6.5--variable_multiple_assignments.sv:21:16: error: cannot have multiple continuous assignments to variable 'v'
        assign v = 13;
               ^
../../../tests/chapter-6/6.5--variable_multiple_assignments.sv:20:16: note: also assigned here
        assign v = 12;
               ^
Top level design units:
    top


Build failed: 1 error, 0 warnings
