name: variable_mixed_assignments
description: Variable mixed assignments tests
should_fail_because: mixing procedural and continuous assignments is illegal
tags: 6.5
type: simulation elaboration
files: <redacted-local-path>
incdirs: <redacted-local-path>
top_module: 
timeout: 30
should_fail: 1
defines: 
compatible-runners: all
unsynthesizable: 0
results_group: 
simvariants: 
mode: elaboration
rc: 5
tool_success: 0
runner: slang
runner_url: https://github.com/MikePopoloski/slang/tree/f357dec19224c828b7b5e97b79779980a075f70a
time_elapsed: 0.09883666038513184
user_time: 0.016266
system_time: 0.102348
ram_usage: 13440
date_completed: 2026-07-02 03:18:37

slang-driver --single-unit --timescale=1ns/1ns -I <redacted-local-path> -Wno-error=index-oob -Wno-error=range-oob -Wno-error=range-width-oob <redacted-local-path>
../../../tests/chapter-6/6.5--variable_mixed_assignments.sv:22:31: error: cannot mix continuous and procedural assignments to variable 'v'
        always @(posedge clk) v <= ~v;
                              ^
../../../tests/chapter-6/6.5--variable_mixed_assignments.sv:21:16: note: also assigned here
        assign v = 12;
               ^
Top level design units:
    top


Build failed: 1 error, 0 warnings
