name: vector_vectored_inv
description: vectored vector invalid access tests
should_fail_because: bit selects are not permitted on vectored vector nets
tags: 6.9.2
files: <redacted-local-path>
incdirs: <redacted-local-path>
top_module: 
timeout: 30
type: parsing elaboration
should_fail: 1
defines: 
compatible-runners: all
unsynthesizable: 0
results_group: 
simvariants: 
mode: elaboration
rc: 5
tool_success: 0
runner: slang
runner_url: https://github.com/MikePopoloski/slang/tree/f357dec19224c828b7b5e97b79779980a075f70a
time_elapsed: 0.08475542068481445
user_time: 0.015300999999999999
system_time: 0.099771
ram_usage: 13440
date_completed: 2026-07-02 03:18:37

slang-driver --single-unit --timescale=1ns/1ns -I <redacted-local-path> -Wno-error=index-oob -Wno-error=range-oob -Wno-error=range-width-oob <redacted-local-path>
../../../tests/chapter-6/6.9.2--vector_vectored_inv.sv:17:15: error: expected a declaration name
        logic vectored [15:0] a = 0;
              ^
../../../tests/chapter-6/6.9.2--vector_vectored_inv.sv:17:33: error: expected a declaration name
        logic vectored [15:0] a = 0;
                                ^
../../../tests/chapter-6/6.9.2--vector_vectored_inv.sv:19:16: error: use of undeclared identifier 'a'
        assign a[1] = 1;
               ^
Top level design units:
    top


Build failed: 3 errors, 0 warnings
