name: uvm_env_1
description: uvm_env class test
tags: uvm uvm-classes
type: simulation elaboration parsing
timeout: 300
unsynthesizable: 1
files: <redacted-local-path> <redacted-local-path>
incdirs: <redacted-local-path> <redacted-local-path>
top_module: 
should_fail: 0
should_fail_because: 
defines: 
compatible-runners: all
results_group: 
simvariants: 
mode: elaboration
rc: 0
tool_success: 1
runner: slang
runner_url: https://github.com/MikePopoloski/slang/tree/f357dec19224c828b7b5e97b79779980a075f70a
time_elapsed: 0.7385339736938477
user_time: 0.756772
system_time: 0.64362
ram_usage: 144256
date_completed: 2026-07-02 03:18:34

slang-driver --single-unit --timescale=1ns/1ns -I <redacted-local-path> -I <redacted-local-path> -Wno-error=index-oob -Wno-error=range-oob -Wno-error=range-width-oob <redacted-local-path> <redacted-local-path>
in file included from ../../../third_party/tests/uvm/src/uvm_pkg.sv:57:
in file included from ../../../third_party/tests/uvm/src/base/uvm_base.svh:77:
../../../third_party/tests/uvm/src/base/uvm_config_db_implementation.svh:375:26: warning: unknown character escape sequence '\.' [-Wunknown-escape-code]
            separator = "\.(" ;
                         ^
Top level design units:
    top


Build succeeded: 0 errors, 1 warning
