name: keyword_interface
description: The 'interface' keyword should be reserved
should_fail_because: The 'interface' keyword should be reserved
tags: 5.6.2
files: <redacted-local-path>
incdirs: <redacted-local-path>
top_module: 
timeout: 30
type: parsing elaboration
should_fail: 1
defines: 
compatible-runners: all
unsynthesizable: 0
results_group: 
simvariants: 
mode: elaboration
rc: 5
tool_success: 0
runner: slang
runner_url: https://github.com/MikePopoloski/slang/tree/f357dec19224c828b7b5e97b79779980a075f70a
time_elapsed: 0.12436318397521973
user_time: 0.023093
system_time: 0.11383499999999999
ram_usage: 13440
date_completed: 2026-07-02 03:18:34

slang-driver --single-unit --timescale=1ns/1ns -I <redacted-local-path> -Wno-error=index-oob -Wno-error=range-oob -Wno-error=range-width-oob <redacted-local-path>
../../../tests/generated/keywords/5.6.2--keyword_interface.sv:8:9: error: expected a declaration name
    bit interface;
        ^
../../../tests/generated/keywords/5.6.2--keyword_interface.sv:8:18: error: expected identifier
    bit interface;
                 ^
../../../tests/generated/keywords/5.6.2--keyword_interface.sv:9:1: error: unexpected 'endmodule' delimiter
endmodule
^~~~~~~~~
../../../tests/generated/keywords/5.6.2--keyword_interface.sv:7:11: note: last complete block started here
module top();
          ^
../../../tests/generated/keywords/5.6.2--keyword_interface.sv:7:12: note: and ended here
module top();
           ^
../../../tests/generated/keywords/5.6.2--keyword_interface.sv:9:10: error: expected 'endinterface'
endmodule
         ^
../../../tests/generated/keywords/5.6.2--keyword_interface.sv:8:9: note: to match this 'interface'
    bit interface;
        ^
Top level design units:
    top


Build failed: 4 errors, 0 warnings
