name: keyword_clocking
description: The 'clocking' keyword should be reserved
should_fail_because: The 'clocking' keyword should be reserved
tags: 5.6.2
files: <redacted-local-path>
incdirs: <redacted-local-path>
top_module: 
timeout: 30
type: parsing elaboration
should_fail: 1
defines: 
compatible-runners: all
unsynthesizable: 0
results_group: 
simvariants: 
mode: elaboration
rc: 5
tool_success: 0
runner: slang
runner_url: https://github.com/MikePopoloski/slang/tree/f357dec19224c828b7b5e97b79779980a075f70a
time_elapsed: 0.11025714874267578
user_time: 0.020082
system_time: 0.093913
ram_usage: 12544
date_completed: 2026-07-02 03:18:35

slang-driver --single-unit --timescale=1ns/1ns -I <redacted-local-path> -Wno-error=index-oob -Wno-error=range-oob -Wno-error=range-width-oob <redacted-local-path>
../../../tests/generated/keywords/5.6.2--keyword_clocking.sv:8:9: error: expected a declaration name
    bit clocking;
        ^
../../../tests/generated/keywords/5.6.2--keyword_clocking.sv:8:17: error: expected clocking block name
    bit clocking;
                ^
../../../tests/generated/keywords/5.6.2--keyword_clocking.sv:9:1: error: unexpected 'endmodule' delimiter
endmodule
^~~~~~~~~
../../../tests/generated/keywords/5.6.2--keyword_clocking.sv:7:11: note: last complete block started here
module top();
          ^
../../../tests/generated/keywords/5.6.2--keyword_clocking.sv:7:12: note: and ended here
module top();
           ^
../../../tests/generated/keywords/5.6.2--keyword_clocking.sv:9:10: error: expected 'endclocking'
endmodule
         ^
../../../tests/generated/keywords/5.6.2--keyword_clocking.sv:8:9: note: to match this 'clocking'
    bit clocking;
        ^
Top level design units:
    top


Build failed: 4 errors, 0 warnings
