name: keyword_restrict
description: The 'restrict' keyword should be reserved
should_fail_because: The 'restrict' keyword should be reserved
tags: 5.6.2
files: <redacted-local-path>
incdirs: <redacted-local-path>
top_module: 
timeout: 30
type: parsing elaboration
should_fail: 1
defines: 
compatible-runners: all
unsynthesizable: 0
results_group: 
simvariants: 
mode: elaboration
rc: 5
tool_success: 0
runner: slang
runner_url: https://github.com/MikePopoloski/slang/tree/f357dec19224c828b7b5e97b79779980a075f70a
time_elapsed: 0.0910184383392334
user_time: 0.023344
system_time: 0.08144799999999999
ram_usage: 11648
date_completed: 2026-07-02 03:18:34

slang-driver --single-unit --timescale=1ns/1ns -I <redacted-local-path> -Wno-error=index-oob -Wno-error=range-oob -Wno-error=range-width-oob <redacted-local-path>
../../../tests/generated/keywords/5.6.2--keyword_restrict.sv:8:9: error: expected a declaration name
    bit restrict;
        ^
../../../tests/generated/keywords/5.6.2--keyword_restrict.sv:8:17: error: expected 'property'
    bit restrict;
                ^
../../../tests/generated/keywords/5.6.2--keyword_restrict.sv:8:17: error: sequence has no explicit clocking event and one cannot be inferred from context
    bit restrict;
                ^
Top level design units:
    top


Build failed: 3 errors, 0 warnings
