name: assign_in_expr_inv
description: invalid assignment in expression test
should_fail_because: blocking assignments within expression must be enclosed in parentheses
tags: 11.3.6
files: <redacted-local-path>
incdirs: <redacted-local-path>
top_module: 
timeout: 30
type: parsing elaboration
should_fail: 1
defines: 
compatible-runners: all
unsynthesizable: 0
results_group: 
simvariants: 
mode: elaboration
rc: 5
tool_success: 0
runner: slang
runner_url: https://github.com/MikePopoloski/slang/tree/f357dec19224c828b7b5e97b79779980a075f70a
time_elapsed: 0.10584211349487305
user_time: 0.02385
system_time: 0.10605099999999999
ram_usage: 13440
date_completed: 2026-07-02 03:18:38

slang-driver --single-unit --timescale=1ns/1ns -I <redacted-local-path> -Wno-error=index-oob -Wno-error=range-oob -Wno-error=range-width-oob <redacted-local-path>
../../../tests/chapter-11/11.3.6--assign_in_expr_inv.sv:23:9: error: assignment expressions must be parenthesized
        a = b = c = 5;  
        ^~~~~~~~~
Top level design units:
    top


Build failed: 1 error, 0 warnings
