name: arith_shift_assignment_signed
description: arithmetic shift assignment operator test
type: simulation elaboration parsing
tags: 11.4.10
files: <redacted-local-path>
incdirs: <redacted-local-path>
top_module: 
timeout: 30
should_fail: 0
should_fail_because: 
defines: 
compatible-runners: all
unsynthesizable: 0
results_group: 
simvariants: 
mode: elaboration
rc: 0
tool_success: 1
runner: slang
runner_url: https://github.com/MikePopoloski/slang/tree/f357dec19224c828b7b5e97b79779980a075f70a
time_elapsed: 0.11059284210205078
user_time: 0.020817
system_time: 0.11649699999999999
ram_usage: 13440
date_completed: 2026-07-02 03:18:38

slang-driver --single-unit --timescale=1ns/1ns -I <redacted-local-path> -Wno-error=index-oob -Wno-error=range-oob -Wno-error=range-width-oob <redacted-local-path>
Top level design units:
    top

Build succeeded: 0 errors, 0 warnings
