name: veer-el2
description: Full VeeR EL2 core test
files: <redacted-local-path> <redacted-local-path> <redacted-local-path> <redacted-local-path> <redacted-local-path> <redacted-local-path> <redacted-local-path> <redacted-local-path> <redacted-local-path> <redacted-local-path> <redacted-local-path> <redacted-local-path> <redacted-local-path> <redacted-local-path> <redacted-local-path> <redacted-local-path> <redacted-local-path> <redacted-local-path> <redacted-local-path> <redacted-local-path> <redacted-local-path> <redacted-local-path> <redacted-local-path> <redacted-local-path> <redacted-local-path> <redacted-local-path> <redacted-local-path> <redacted-local-path> <redacted-local-path> <redacted-local-path> <redacted-local-path> <redacted-local-path> <redacted-local-path> <redacted-local-path> <redacted-local-path> <redacted-local-path> <redacted-local-path> <redacted-local-path> <redacted-local-path> <redacted-local-path> <redacted-local-path> <redacted-local-path> <redacted-local-path> <redacted-local-path> <redacted-local-path> <redacted-local-path> <redacted-local-path> <redacted-local-path> <redacted-local-path> <redacted-local-path> <redacted-local-path> <redacted-local-path> <redacted-local-path> <redacted-local-path> <redacted-local-path> <redacted-local-path> <redacted-local-path> <redacted-local-path> <redacted-local-path> <redacted-local-path> <redacted-local-path> <redacted-local-path> <redacted-local-path> <redacted-local-path> <redacted-local-path> <redacted-local-path> <redacted-local-path> <redacted-local-path> <redacted-local-path> <redacted-local-path> <redacted-local-path> <redacted-local-path>
incdirs: <redacted-local-path> <redacted-local-path> <redacted-local-path>
top_module: tb_top
tags: veer-el2
timeout: 1000
results_group: cores
compatible-runners: verilator Arcilator slang circt-verilog
type: parsing elaboration simulation_without_run
runner_verilator_flags: -CFLAGS -I<redacted-local-path> -CFLAGS -I<redacted-local-path> -CFLAGS -I<redacted-local-path> -Wno-WIDTH
should_fail: 0
should_fail_because: 
defines: 
unsynthesizable: 0
simvariants: 
mode: elaboration
rc: 0
tool_success: 1
runner: slang
runner_url: https://github.com/MikePopoloski/slang/tree/f357dec19224c828b7b5e97b79779980a075f70a
time_elapsed: 0.936539888381958
user_time: 0.6570429999999999
system_time: 0.357425
ram_usage: 170236
date_completed: 2026-07-02 03:18:38

slang-driver --single-unit --timescale=1ns/1ns --top=tb_top -I <redacted-local-path> -I <redacted-local-path> -I <redacted-local-path> -Wno-error=index-oob -Wno-error=range-oob -Wno-error=range-width-oob <redacted-local-path> <redacted-local-path> <redacted-local-path> <redacted-local-path> <redacted-local-path> <redacted-local-path> <redacted-local-path> <redacted-local-path> <redacted-local-path> <redacted-local-path> <redacted-local-path> <redacted-local-path> <redacted-local-path> <redacted-local-path> <redacted-local-path> <redacted-local-path> <redacted-local-path> <redacted-local-path> <redacted-local-path> <redacted-local-path> <redacted-local-path> <redacted-local-path> <redacted-local-path> <redacted-local-path> <redacted-local-path> <redacted-local-path> <redacted-local-path> <redacted-local-path> <redacted-local-path> <redacted-local-path> <redacted-local-path> <redacted-local-path> <redacted-local-path> <redacted-local-path> <redacted-local-path> <redacted-local-path> <redacted-local-path> <redacted-local-path> <redacted-local-path> <redacted-local-path> <redacted-local-path> <redacted-local-path> <redacted-local-path> <redacted-local-path> <redacted-local-path> <redacted-local-path> <redacted-local-path> <redacted-local-path> <redacted-local-path> <redacted-local-path> <redacted-local-path> <redacted-local-path> <redacted-local-path> <redacted-local-path> <redacted-local-path> <redacted-local-path> <redacted-local-path> <redacted-local-path> <redacted-local-path> <redacted-local-path> <redacted-local-path> <redacted-local-path> <redacted-local-path> <redacted-local-path> <redacted-local-path> <redacted-local-path> <redacted-local-path> <redacted-local-path> <redacted-local-path> <redacted-local-path> <redacted-local-path> <redacted-local-path>
Top level design units:
    tb_top

Build succeeded: 0 errors, 0 warnings
