name: function_fork_invalid
description: function invalid fork test
should_fail_because: only fork-join_none is permitted inside a function
tags: 13.4.4
type: simulation elaboration
unsynthesizable: 1
files: <redacted-local-path>
incdirs: <redacted-local-path>
top_module: 
timeout: 30
should_fail: 1
defines: 
compatible-runners: all
results_group: 
simvariants: 
mode: elaboration
rc: 5
tool_success: 0
runner: slang
runner_url: https://github.com/MikePopoloski/slang/tree/f357dec19224c828b7b5e97b79779980a075f70a
time_elapsed: 0.08052206039428711
user_time: 0.013926
system_time: 0.082539
ram_usage: 13440
date_completed: 2026-07-02 03:18:32

slang-driver --single-unit --timescale=1ns/1ns -I <redacted-local-path> -Wno-error=index-oob -Wno-error=range-oob -Wno-error=range-width-oob <redacted-local-path>
../../../tests/chapter-13/13.4.4--fork-invalid.sv:24:9: error: statements that pass time are not allowed in this context
        join_any
        ^~~~~~~~
Top level design units:
    top


Build failed: 1 error, 0 warnings
