name: fx68k
description: Full fx68k core test
files: <redacted-local-path> <redacted-local-path> <redacted-local-path>
tags: fx68k
results_group: cores
timeout: 100
incdirs: <redacted-local-path>
top_module: 
type: parsing elaboration
should_fail: 0
should_fail_because: 
defines: 
compatible-runners: all
unsynthesizable: 0
simvariants: 
mode: elaboration
rc: 0
tool_success: 1
runner: slang
runner_url: https://github.com/MikePopoloski/slang/tree/f357dec19224c828b7b5e97b79779980a075f70a
time_elapsed: 0.1459503173828125
user_time: 0.076011
system_time: 0.14956
ram_usage: 22400
date_completed: 2026-07-02 03:18:38

slang-driver --single-unit --timescale=1ns/1ns -I <redacted-local-path> -Wno-error=index-oob -Wno-error=range-oob -Wno-error=range-width-oob --allow-dup-initial-drivers <redacted-local-path> <redacted-local-path> <redacted-local-path>
Top level design units:
    fx68k

Build succeeded: 0 errors, 0 warnings
